Component: ARM Compiler 5.06 update 7 (build 960) Tool: armlink [4d3601]

==============================================================================

Section Cross References

    startup_stm32f429xx.o(RESET) refers to startup_stm32f429xx.o(STACK) for __initial_sp
    startup_stm32f429xx.o(RESET) refers to startup_stm32f429xx.o(.text) for Reset_Handler
    startup_stm32f429xx.o(RESET) refers to stm32f4xx_it.o(i.NMI_Handler) for NMI_Handler
    startup_stm32f429xx.o(RESET) refers to stm32f4xx_it.o(i.HardFault_Handler) for HardFault_Handler
    startup_stm32f429xx.o(RESET) refers to stm32f4xx_it.o(i.MemManage_Handler) for MemManage_Handler
    startup_stm32f429xx.o(RESET) refers to stm32f4xx_it.o(i.BusFault_Handler) for BusFault_Handler
    startup_stm32f429xx.o(RESET) refers to stm32f4xx_it.o(i.UsageFault_Handler) for UsageFault_Handler
    startup_stm32f429xx.o(RESET) refers to stm32f4xx_it.o(i.SVC_Handler) for SVC_Handler
    startup_stm32f429xx.o(RESET) refers to stm32f4xx_it.o(i.DebugMon_Handler) for DebugMon_Handler
    startup_stm32f429xx.o(RESET) refers to stm32f4xx_it.o(i.PendSV_Handler) for PendSV_Handler
    startup_stm32f429xx.o(RESET) refers to stm32f4xx_it.o(i.SysTick_Handler) for SysTick_Handler
    startup_stm32f429xx.o(RESET) refers to stm32f4xx_it.o(i.DMA1_Stream5_IRQHandler) for DMA1_Stream5_IRQHandler
    startup_stm32f429xx.o(RESET) refers to stm32f4xx_it.o(i.DMA1_Stream6_IRQHandler) for DMA1_Stream6_IRQHandler
    startup_stm32f429xx.o(RESET) refers to stm32f4xx_it.o(i.EXTI9_5_IRQHandler) for EXTI9_5_IRQHandler
    startup_stm32f429xx.o(RESET) refers to stm32f4xx_it.o(i.USART1_IRQHandler) for USART1_IRQHandler
    startup_stm32f429xx.o(RESET) refers to stm32f4xx_it.o(i.USART2_IRQHandler) for USART2_IRQHandler
    startup_stm32f429xx.o(RESET) refers to stm32f4xx_it.o(i.TIM6_DAC_IRQHandler) for TIM6_DAC_IRQHandler
    startup_stm32f429xx.o(RESET) refers to stm32f4xx_it.o(i.DMA2_Stream2_IRQHandler) for DMA2_Stream2_IRQHandler
    startup_stm32f429xx.o(RESET) refers to stm32f4xx_it.o(i.DMA2_Stream7_IRQHandler) for DMA2_Stream7_IRQHandler
    startup_stm32f429xx.o(.text) refers to system_stm32f4xx.o(i.SystemInit) for SystemInit
    startup_stm32f429xx.o(.text) refers to entry.o(.ARM.Collect$$$$00000000) for __main
    main.o(i.Box_proc) refers to stm32f4xx_hal_gpio.o(i.HAL_GPIO_WritePin) for HAL_GPIO_WritePin
    main.o(i.Box_proc) refers to main.o(.bss) for .bss
    main.o(i.SystemClock_Config) refers to memseta.o(.text) for __aeabi_memclr4
    main.o(i.SystemClock_Config) refers to stm32f4xx_hal_rcc.o(i.HAL_RCC_OscConfig) for HAL_RCC_OscConfig
    main.o(i.SystemClock_Config) refers to stm32f4xx_hal_pwr_ex.o(i.HAL_PWREx_EnableOverDrive) for HAL_PWREx_EnableOverDrive
    main.o(i.SystemClock_Config) refers to stm32f4xx_hal_rcc.o(i.HAL_RCC_ClockConfig) for HAL_RCC_ClockConfig
    main.o(i.fputc) refers to stm32f4xx_hal_uart.o(i.HAL_UART_Transmit) for HAL_UART_Transmit
    main.o(i.fputc) refers to usart.o(.bss) for huart1
    main.o(i.main) refers to stm32f4xx_hal.o(i.HAL_Init) for HAL_Init
    main.o(i.main) refers to main.o(i.SystemClock_Config) for SystemClock_Config
    main.o(i.main) refers to gpio.o(i.MX_GPIO_Init) for MX_GPIO_Init
    main.o(i.main) refers to dma.o(i.MX_DMA_Init) for MX_DMA_Init
    main.o(i.main) refers to usart.o(i.MX_USART1_UART_Init) for MX_USART1_UART_Init
    main.o(i.main) refers to tim.o(i.MX_TIM2_Init) for MX_TIM2_Init
    main.o(i.main) refers to tim.o(i.MX_TIM3_Init) for MX_TIM3_Init
    main.o(i.main) refers to usart.o(i.MX_USART2_UART_Init) for MX_USART2_UART_Init
    main.o(i.main) refers to tim.o(i.MX_TIM6_Init) for MX_TIM6_Init
    main.o(i.main) refers to stm32f4xx_hal_tim.o(i.HAL_TIM_PWM_Start) for HAL_TIM_PWM_Start
    main.o(i.main) refers to stm32f4xx_hal_uart.o(i.HAL_UARTEx_ReceiveToIdle_IT) for HAL_UARTEx_ReceiveToIdle_IT
    main.o(i.main) refers to stm32f4xx_hal_tim.o(i.HAL_TIM_Base_Init) for HAL_TIM_Base_Init
    main.o(i.main) refers to max30102.o(i.max30102_init) for max30102_init
    main.o(i.main) refers to stm32f4xx_hal.o(i.HAL_Delay) for HAL_Delay
    main.o(i.main) refers to l610_init.o(i.L610_HW_init) for L610_HW_init
    main.o(i.main) refers to printfa.o(i.__0sprintf) for __2sprintf
    main.o(i.main) refers to strlen.o(.text) for strlen
    main.o(i.main) refers to stm32f4xx_hal_uart.o(i.HAL_UART_Transmit) for HAL_UART_Transmit
    main.o(i.main) refers to main.o(i.move_proc) for move_proc
    main.o(i.main) refers to main.o(i.yizhu_proc) for yizhu_proc
    main.o(i.main) refers to main.o(i.Box_proc) for Box_proc
    main.o(i.main) refers to gy906.o(i.GY906_ReadTemp) for GY906_ReadTemp
    main.o(i.main) refers to l610_init.o(i.HW_HMSUB_1_temp) for HW_HMSUB_1_temp
    main.o(i.main) refers to max30102.o(i.Max30102_Calculate_HR_BO_Value) for Max30102_Calculate_HR_BO_Value
    main.o(i.main) refers to l610_init.o(i.HW_HMSUB_1) for HW_HMSUB_1
    main.o(i.main) refers to tim.o(.bss) for htim2
[...]
    i.HAL_DMA_IRQHandler                     0x08000e00   Section        0  stm32f4xx_hal_dma.o(i.HAL_DMA_IRQHandler)
    i.HAL_DMA_Init                           0x08000fa0   Section        0  stm32f4xx_hal_dma.o(i.HAL_DMA_Init)
    i.HAL_Delay                              0x08001074   Section        0  stm32f4xx_hal.o(i.HAL_Delay)
    i.HAL_GPIO_EXTI_Callback                 0x08001098   Section        0  stm32f4xx_it.o(i.HAL_GPIO_EXTI_Callback)
    i.HAL_GPIO_EXTI_IRQHandler               0x080010b0   Section        0  stm32f4xx_hal_gpio.o(i.HAL_GPIO_EXTI_IRQHandler)
    i.HAL_GPIO_Init                          0x080010c8   Section        0  stm32f4xx_hal_gpio.o(i.HAL_GPIO_Init)
    i.HAL_GPIO_ReadPin                       0x080012fc   Section        0  stm32f4xx_hal_gpio.o(i.HAL_GPIO_ReadPin)
    i.HAL_GPIO_WritePin                      0x08001306   Section        0  stm32f4xx_hal_gpio.o(i.HAL_GPIO_WritePin)
    i.HAL_GetTick                            0x08001310   Section        0  stm32f4xx_hal.o(i.HAL_GetTick)
    i.HAL_IncTick                            0x0800131c   Section        0  stm32f4xx_hal.o(i.HAL_IncTick)
    i.HAL_Init                               0x0800132c   Section        0  stm32f4xx_hal.o(i.HAL_Init)
    i.HAL_InitTick                           0x08001360   Section        0  stm32f4xx_hal.o(i.HAL_InitTick)
    i.HAL_MspInit                            0x080013a0   Section        0  stm32f4xx_hal_msp.o(i.HAL_MspInit)
    i.HAL_NVIC_EnableIRQ                     0x080013d0   Section        0  stm32f4xx_hal_cortex.o(i.HAL_NVIC_EnableIRQ)
    i.HAL_NVIC_SetPriority                   0x080013ec   Section        0  stm32f4xx_hal_cortex.o(i.HAL_NVIC_SetPriority)
    i.HAL_NVIC_SetPriorityGrouping           0x0800142c   Section        0  stm32f4xx_hal_cortex.o(i.HAL_NVIC_SetPriorityGrouping)
    i.HAL_PWREx_EnableOverDrive              0x08001450   Section        0  stm32f4xx_hal_pwr_ex.o(i.HAL_PWREx_EnableOverDrive)
    i.HAL_RCC_ClockConfig                    0x080014c0   Section        0  stm32f4xx_hal_rcc.o(i.HAL_RCC_ClockConfig)
    i.HAL_RCC_GetPCLK1Freq                   0x080015f4   Section        0  stm32f4xx_hal_rcc.o(i.HAL_RCC_GetPCLK1Freq)
    i.HAL_RCC_GetPCLK2Freq                   0x08001614   Section        0  stm32f4xx_hal_rcc.o(i.HAL_RCC_GetPCLK2Freq)
    i.HAL_RCC_GetSysClockFreq                0x08001634   Section        0  stm32f4xx_hal_rcc.o(i.HAL_RCC_GetSysClockFreq)
    i.HAL_RCC_OscConfig                      0x08001698   Section        0  stm32f4xx_hal_rcc.o(i.HAL_RCC_OscConfig)
    i.HAL_SYSTICK_Config                     0x08001a04   Section        0  stm32f4xx_hal_cortex.o(i.HAL_SYSTICK_Config)
    i.HAL_TIMEx_BreakCallback                0x08001a2c   Section        0  stm32f4xx_hal_tim_ex.o(i.HAL_TIMEx_BreakCallback)
    i.HAL_TIMEx_CommutCallback               0x08001a2e   Section        0  stm32f4xx_hal_tim_ex.o(i.HAL_TIMEx_CommutCallback)
    i.HAL_TIMEx_MasterConfigSynchronization  0x08001a30   Section        0  stm32f4xx_hal_tim_ex.o(i.HAL_TIMEx_MasterConfigSynchronization)
    i.HAL_TIM_Base_Init                      0x08001ac0   Section        0  stm32f4xx_hal_tim.o(i.HAL_TIM_Base_Init)
    i.HAL_TIM_Base_MspInit                   0x08001b1c   Section        0  tim.o(i.HAL_TIM_Base_MspInit)
    i.HAL_TIM_IC_CaptureCallback             0x08001b58   Section        0  stm32f4xx_hal_tim.o(i.HAL_TIM_IC_CaptureCallback)
    i.HAL_TIM_IRQHandler                     0x08001b5a   Section        0  stm32f4xx_hal_tim.o(i.HAL_TIM_IRQHandler)
    i.HAL_TIM_MspPostInit                    0x08001c8c   Section        0  tim.o(i.HAL_TIM_MspPostInit)
    i.HAL_TIM_OC_DelayElapsedCallback        0x08001d08   Section        0  stm32f4xx_hal_tim.o(i.HAL_TIM_OC_DelayElapsedCallback)
    i.HAL_TIM_PWM_ConfigChannel              0x08001d0a   Section        0  stm32f4xx_hal_tim.o(i.HAL_TIM_PWM_ConfigChannel)
    i.HAL_TIM_PWM_Init                       0x08001dd6   Section        0  stm32f4xx_hal_tim.o(i.HAL_TIM_PWM_Init)
    i.HAL_TIM_PWM_MspInit                    0x08001e30   Section        0  tim.o(i.HAL_TIM_PWM_MspInit)
    i.HAL_TIM_PWM_PulseFinishedCallback      0x08001e6c   Section        0  stm32f4xx_hal_tim.o(i.HAL_TIM_PWM_PulseFinishedCallback)
    i.HAL_TIM_PWM_Start                      0x08001e70   Section        0  stm32f4xx_hal_tim.o(i.HAL_TIM_PWM_Start)
    i.HAL_TIM_PeriodElapsedCallback          0x08001f38   Section        0  stm32f4xx_it.o(i.HAL_TIM_PeriodElapsedCallback)
    i.HAL_TIM_TriggerCallback                0x08001f48   Section        0  stm32f4xx_hal_tim.o(i.HAL_TIM_TriggerCallback)
    i.HAL_UARTEx_ReceiveToIdle_IT            0x08001f4a   Section        0  stm32f4xx_hal_uart.o(i.HAL_UARTEx_ReceiveToIdle_IT)
    i.HAL_UARTEx_RxEventCallback             0x08001f98   Section        0  l610_init.o(i.HAL_UARTEx_RxEventCallback)
    i.HAL_UART_ErrorCallback                 0x0800218c   Section        0  stm32f4xx_hal_uart.o(i.HAL_UART_ErrorCallback)
    i.HAL_UART_IRQHandler                    0x08002190   Section        0  stm32f4xx_hal_uart.o(i.HAL_UART_IRQHandler)
    i.HAL_UART_Init                          0x08002400   Section        0  stm32f4xx_hal_uart.o(i.HAL_UART_Init)
    i.HAL_UART_MspInit                       0x08002464   Section        0  usart.o(i.HAL_UART_MspInit)
    i.HAL_UART_RxCpltCallback                0x08002600   Section        0  stm32f4xx_hal_uart.o(i.HAL_UART_RxCpltCallback)
    i.HAL_UART_Transmit                      0x08002602   Section        0  stm32f4xx_hal_uart.o(i.HAL_UART_Transmit)
    i.HAL_UART_TxCpltCallback                0x080026a2   Section        0  stm32f4xx_hal_uart.o(i.HAL_UART_TxCpltCallback)
    i.HW_Connect_MQTT                        0x080026a4   Section        0  l610_init.o(i.HW_Connect_MQTT)
    i.HW_DISConnect                          0x080026d8   Section        0  l610_init.o(i.HW_DISConnect)
    i.HW_HMSUB_0                             0x080026ec   Section        0  l610_init.o(i.HW_HMSUB_0)
    i.HW_HMSUB_1                             0x08002728   Section        0  l610_init.o(i.HW_HMSUB_1)
    i.HW_HMSUB_1_temp                        0x080027bc   Section        0  l610_init.o(i.HW_HMSUB_1_temp)
    i.HardFault_Handler                      0x08002830   Section        0  stm32f4xx_it.o(i.HardFault_Handler)
    i.L610_HW_init                           0x08002834   Section        0  l610_init.o(i.L610_HW_init)
    i.MX_DMA_Init                            0x080028ac   Section        0  dma.o(i.MX_DMA_Init)
    i.MX_GPIO_Init                           0x08002918   Section        0  gpio.o(i.MX_GPIO_Init)
    i.MX_TIM2_Init                           0x08002a70   Section        0  tim.o(i.MX_TIM2_Init)
    i.MX_TIM3_Init                           0x08002aec   Section        0  tim.o(i.MX_TIM3_Init)
    i.MX_TIM6_Init                           0x08002b6c   Section        0  tim.o(i.MX_TIM6_Init)
    i.MX_USART1_UART_Init                    0x08002bb4   Section        0  usart.o(i.MX_USART1_UART_Init)
    i.MX_USART2_UART_Init                    0x08002bec   Section        0  usart.o(i.MX_USART2_UART_Init)
    i.Max30102_Calculate_HR_BO_Value         0x08002c24   Section        0  max30102.o(i.Max30102_Calculate_HR_BO_Value)
    i.MemManage_Handler                      0x08002ddc   Section        0  stm32f4xx_it.o(i.MemManage_Handler)
    i.Move_back                              0x08002dde   Section        0  motor.o(i.Move_back)
    i.Move_forward                           0x08002e06   Section        0  motor.o(i.Move_forward)
    i.MyI2C_R_SDA                            0x08002e30   Section        0  myi2c.o(i.MyI2C_R_SDA)
    i.MyI2C_ReceiveAck                       0x08002e4c   Section        0  myi2c.o(i.MyI2C_ReceiveAck)
    i.MyI2C_ReceiveByte                      0x08002e6a   Section        0  myi2c.o(i.MyI2C_ReceiveByte)
    i.MyI2C_SendAck                          0x08002e9e   Section        0  myi2c.o(i.MyI2C_SendAck)
    i.MyI2C_SendByte                         0x08002eb4   Section        0  myi2c.o(i.MyI2C_SendByte)
    i.MyI2C_Start                            0x08002edc   Section        0  myi2c.o(i.MyI2C_Start)
    i.MyI2C_Stop                             0x08002f1c   Section        0  myi2c.o(i.MyI2C_Stop)
    i.MyI2C_W_SCL                            0x08002f3c   Section        0  myi2c.o(i.MyI2C_W_SCL)
    i.MyI2C_W_SDA                            0x08002f58   Section        0  myi2c.o(i.MyI2C_W_SDA)
    i.MyI2C_WaitAck                          0x08002f74   Section        0  myi2c.o(i.MyI2C_WaitAck)
    i.Mystrlen                               0x08002f92   Section        0  l610_init.o(i.Mystrlen)
    i.NMI_Handler                            0x08002faa   Section        0  stm32f4xx_it.o(i.NMI_Handler)
    i.PendSV_Handler                         0x08002fac   Section        0  stm32f4xx_it.o(i.PendSV_Handler)
    i.SVC_Handler                            0x08002fae   Section        0  stm32f4xx_it.o(i.SVC_Handler)
    i.Set_MotorA                             0x08002fb0   Section        0  motor.o(i.Set_MotorA)
    i.Set_MotorB                             0x08002ff4   Section        0  motor.o(i.Set_MotorB)
    i.Set_MotorC                             0x08003038   Section        0  motor.o(i.Set_MotorC)
    i.Set_MotorD                             0x08003074   Section        0  motor.o(i.Set_MotorD)
    i.SysTick_Handler                        0x080030b0   Section        0  stm32f4xx_it.o(i.SysTick_Handler)
    i.SystemClock_Config                     0x080030b4   Section        0  main.o(i.SystemClock_Config)
    i.SystemInit                             0x08003150   Section        0  system_stm32f4xx.o(i.SystemInit)
    i.TIM6_DAC_IRQHandler                    0x08003160   Section        0  stm32f4xx_it.o(i.TIM6_DAC_IRQHandler)
    i.TIM_Base_SetConfig                     0x0800316c   Section        0  stm32f4xx_hal_tim.o(i.TIM_Base_SetConfig)
    i.TIM_CCxChannelCmd                      0x08003244   Section        0  stm32f4xx_hal_tim.o(i.TIM_CCxChannelCmd)
    i.TIM_OC1_SetConfig                      0x08003260   Section        0  stm32f4xx_hal_tim.o(i.TIM_OC1_SetConfig)
    TIM_OC1_SetConfig                        0x08003261   Thumb Code    88  stm32f4xx_hal_tim.o(i.TIM_OC1_SetConfig)
    i.TIM_OC2_SetConfig                      0x080032c0   Section        0  stm32f4xx_hal_tim.o(i.TIM_OC2_SetConfig)
    i.TIM_OC3_SetConfig                      0x0800332c   Section        0  stm32f4xx_hal_tim.o(i.TIM_OC3_SetConfig)
    TIM_OC3_SetConfig                        0x0800332d   Thumb Code    96  stm32f4xx_hal_tim.o(i.TIM_OC3_SetConfig)
    i.TIM_OC4_SetConfig                      0x08003394   Section        0  stm32f4xx_hal_tim.o(i.TIM_OC4_SetConfig)
    TIM_OC4_SetConfig                        0x08003395   Thumb Code    70  stm32f4xx_hal_tim.o(i.TIM_OC4_SetConfig)
    i.Turn_left                              0x080033e4   Section        0  motor.o(i.Turn_left)
    i.Turn_right                             0x0800340c   Section        0  motor.o(i.Turn_right)
    i.UART_DMAAbortOnError                   0x08003434   Section        0  stm32f4xx_hal_uart.o(i.UART_DMAAbortOnError)
    UART_DMAAbortOnError                     0x08003435   Thumb Code    16  stm32f4xx_hal_uart.o(i.UART_DMAAbortOnError)
    i.UART_EndRxTransfer                     0x08003444   Section        0  stm32f4xx_hal_uart.o(i.UART_EndRxTransfer)
    UART_EndRxTransfer                       0x08003445   Thumb Code    78  stm32f4xx_hal_uart.o(i.UART_EndRxTransfer)
    i.UART_Receive_IT                        0x08003492   Section        0  stm32f4xx_hal_uart.o(i.UART_Receive_IT)
    UART_Receive_IT                          0x08003493   Thumb Code   194  stm32f4xx_hal_uart.o(i.UART_Receive_IT)
    i.UART_SetConfig                         0x08003554   Section        0  stm32f4xx_hal_uart.o(i.UART_SetConfig)
    UART_SetConfig                           0x08003555   Thumb Code   258  stm32f4xx_hal_uart.o(i.UART_SetConfig)
    i.UART_Start_Receive_IT                  0x08003660   Section        0  stm32f4xx_hal_uart.o(i.UART_Start_Receive_IT)
    i.UART_WaitOnFlagUntilTimeout            0x08003696   Section        0  stm32f4xx_hal_uart.o(i.UART_WaitOnFlagUntilTimeout)
    UART_WaitOnFlagUntilTimeout              0x08003697   Thumb Code   114  stm32f4xx_hal_uart.o(i.UART_WaitOnFlagUntilTimeout)
    i.USART1_IRQHandler                      0x08003708   Section        0  stm32f4xx_it.o(i.USART1_IRQHandler)
    i.USART2_IRQHandler                      0x08003714   Section        0  stm32f4xx_it.o(i.USART2_IRQHandler)
    i.UsageFault_Handler                     0x08003720   Section        0  stm32f4xx_it.o(i.UsageFault_Handler)
    i.__0printf                              0x08003724   Section        0  printfa.o(i.__0printf)
    i.__0sprintf                             0x08003744   Section        0  printfa.o(i.__0sprintf)
    i.__NVIC_SetPriority                     0x0800376c   Section        0  stm32f4xx_hal_cortex.o(i.__NVIC_SetPriority)
    __NVIC_SetPriority                       0x0800376d   Thumb Code    32  stm32f4xx_hal_cortex.o(i.__NVIC_SetPriority)
    i.__aeabi_errno_addr                     0x0800378c   Section        0  errno.o(i.__aeabi_errno_addr)
    i.__scatterload_copy                     0x08003794   Section       14  handlers.o(i.__scatterload_copy)
    i.__scatterload_null                     0x080037a2   Section        2  handlers.o(i.__scatterload_null)
    i.__scatterload_zeroinit                 0x080037a4   Section       14  handlers.o(i.__scatterload_zeroinit)
    i._fp_digits                             0x080037b4   Section        0  printfa.o(i._fp_digits)
    _fp_digits                               0x080037b5   Thumb Code   366  printfa.o(i._fp_digits)
    i._printf_core                           0x08003938   Section        0  printfa.o(i._printf_core)
    _printf_core                             0x08003939   Thumb Code  1704  printfa.o(i._printf_core)
    i._printf_post_padding                   0x08003fec   Section        0  printfa.o(i._printf_post_padding)
    _printf_post_padding                     0x08003fed   Thumb Code    36  printfa.o(i._printf_post_padding)
    i._printf_pre_padding                    0x08004010   Section        0  printfa.o(i._printf_pre_padding)
    _printf_pre_padding                      0x08004011   Thumb Code    46  printfa.o(i._printf_pre_padding)
    i._sputc                                 0x0800403e   Section        0  printfa.o(i._sputc)
    _sputc                                   0x0800403f   Thumb Code    10  printfa.o(i._sputc)
    i.fputc                                  0x08004048   Section        0  main.o(i.fputc)
    i.i2c_delay_us                           0x08004060   Section        0  myi2c.o(i.i2c_delay_us)
    i.main                                   0x08004078   Section        0  main.o(i.main)
    i.max30102_Bus_Read                      0x08004360   Section        0  max30102.o(i.max30102_Bus_Read)
    i.max30102_Bus_Write                     0x080043ac   Section        0  max30102.o(i.max30102_Bus_Write)
    i.max30102_FIFO_ReadBytes                0x080043ea   Section        0  max30102.o(i.max30102_FIFO_ReadBytes)
    i.max30102_init                          0x0800447c   Section        0  max30102.o(i.max30102_init)
    i.max30102_reset                         0x0800485c   Section        0  max30102.o(i.max30102_reset)
    i.maxim_find_peaks                       0x08004872   Section        0  max30102_algorithm.o(i.maxim_find_peaks)
    i.maxim_heart_rate_and_oxygen_saturation 0x080048a4   Section        0  max30102_algorithm.o(i.maxim_heart_rate_and_oxygen_saturation)
    i.maxim_peaks_above_min_height           0x08004c60   Section        0  max30102_algorithm.o(i.maxim_peaks_above_min_height)
    i.maxim_remove_close_peaks               0x08004ccc   Section        0  max30102_algorithm.o(i.maxim_remove_close_peaks)
    i.maxim_sort_ascend                      0x08004d38   Section        0  max30102_algorithm.o(i.maxim_sort_ascend)
    i.maxim_sort_indices_descend             0x08004d6c   Section        0  max30102_algorithm.o(i.maxim_sort_indices_descend)
    i.move_parse_json                        0x08004da8   Section        0  json2data.o(i.move_parse_json)
    i.move_proc                              0x08004e18   Section        0  main.o(i.move_proc)
    i.text_parse_json                        0x08004e4c   Section        0  json2data.o(i.text_parse_json)
    i.yizhu_proc                             0x08004ec8   Section        0  main.o(i.yizhu_proc)
    .constdata                               0x08004f14   Section        8  stm32f4xx_hal_dma.o(.constdata)
    flagBitshiftOffset                       0x08004f14   Data           8  stm32f4xx_hal_dma.o(.constdata)
    .constdata                               0x08004f1c   Section       16  system_stm32f4xx.o(.constdata)
    .constdata                               0x08004f2c   Section        8  system_stm32f4xx.o(.constdata)
    .constdata                               0x08004f34   Section      246  max30102_algorithm.o(.constdata)
    .constdata                               0x0800502a   Section      129  ctype_o.o(.constdata)
    .constdata                               0x080050ac   Section        4  ctype_o.o(.constdata)
    table                                    0x080050ac   Data           4  ctype_o.o(.constdata)
    .conststring                             0x080050b0   Section      178  l610_init.o(.conststring)
    .data                                    0x20000000   Section       32  main.o(.data)
    .data                                    0x20000020   Section       12  stm32f4xx_hal.o(.data)
    .data                                    0x2000002c   Section        4  system_stm32f4xx.o(.data)
    .data                                    0x20000030   Section        4  gy906.o(.data)
    .data                                    0x20000034   Section        4  max30102_algorithm.o(.data)
    .data                                    0x20000038   Section        4  max30102_algorithm.o(.data)
    .data                                    0x2000003c   Section        4  max30102_algorithm.o(.data)
    .data                                    0x20000040   Section        6  max30102_algorithm.o(.data)
    .data                                    0x20000048   Section        4  max30102_algorithm.o(.data)
    .data                                    0x2000004c   Section        1  max30102_algorithm.o(.data)
    .data                                    0x20000050   Section        4  max30102_algorithm.o(.data)
    .data                                    0x20000054   Section        1  max30102_algorithm.o(.data)
    .data                                    0x20000058   Section        4  max30102_algorithm.o(.data)
    .data                                    0x2000005c   Section        4  max30102_algorithm.o(.data)
    .data                                    0x20000060   Section        4  max30102_algorithm.o(.data)
    .data                                    0x20000064   Section        8  l610_init.o(.data)
    .data                                    0x2000006c   Section        4  stdout.o(.data)
    .data                                    0x20000070   Section        4  errno.o(.data)
    _errno                                   0x20000070   Data           4  errno.o(.data)
    .bss                                     0x20000074   Section     1650  main.o(.bss)
    .bss                                     0x200006e8   Section      216  tim.o(.bss)
    .bss                                     0x200007c0   Section      528  usart.o(.bss)
    .bss                                     0x200009d0   Section     2000  max30102_algorithm.o(.bss)
    .bss                                     0x200011a0   Section     2000  max30102_algorithm.o(.bss)
    .bss                                     0x20001970   Section     5984  max30102_algorithm.o(.bss)
    an_dx                                    0x20001970   Data        1984  max30102_algorithm.o(.bss)
    an_x                                     0x20002130   Data        2000  max30102_algorithm.o(.bss)
    an_y                                     0x20002900   Data        2000  max30102_algorithm.o(.bss)
    STACK                                    0x200030d0   Section     1024  startup_stm32f429xx.o(STACK)

    Global Symbols

    Symbol Name                              Value     Ov Type        Size  Object(Section)

    BuildAttributes$$THM_ISAv4$E$P$D$K$B$S$7EM$VFPi3$EXTD16$VFPS$VFMA$PE$A:L22UL41UL21$X:L11$S22US41US21$IEEE1$IW$USESV6$~STKCKD$USESV7$~SHL$OTIME$ROPI$IEEEJ$EBA8$MICROLIB$REQ8$PRES8$EABIv2 0x00000000   Number         0  anon$$obj.o ABSOLUTE
    __ARM_use_no_argv                        0x00000000   Number         0  main.o ABSOLUTE
    _printf_a                                0x00000000   Number         0  stubs.o ABSOLUTE
    _printf_c                                0x00000000   Number         0  stubs.o ABSOLUTE
    _printf_charcount                        0x00000000   Number         0  stubs.o ABSOLUTE
    _printf_d                                0x00000000   Number         0  stubs.o ABSOLUTE
    _printf_e                                0x00000000   Number         0  stubs.o ABSOLUTE
    _printf_f                                0x00000000   Number         0  stubs.o ABSOLUTE
    _printf_flags                            0x00000000   Number         0  stubs.o ABSOLUTE
    _printf_fp_dec                           0x00000000   Number         0  stubs.o ABSOLUTE
    _printf_fp_hex                           0x00000000   Number         0  stubs.o ABSOLUTE
    _printf_g                                0x00000000   Number         0  stubs.o ABSOLUTE
    _printf_i                                0x00000000   Number         0  stubs.o ABSOLUTE
    _printf_int_dec                          0x00000000   Number         0  stubs.o ABSOLUTE
    _printf_l                                0x00000000   Number         0  stubs.o ABSOLUTE
    _printf_lc                               0x00000000   Number         0  stubs.o ABSOLUTE
    _printf_ll                               0x00000000   Number         0  stubs.o ABSOLUTE
    _printf_lld                              0x00000000   Number         0  stubs.o ABSOLUTE
    _printf_lli                              0x00000000   Number         0  stubs.o ABSOLUTE
    _printf_llo                              0x00000000   Number         0  stubs.o ABSOLUTE
    _printf_llu                              0x00000000   Number         0  stubs.o ABSOLUTE
    _printf_llx                              0x00000000   Number         0  stubs.o ABSOLUTE
    _printf_longlong_dec                     0x00000000   Number         0  stubs.o ABSOLUTE
    _printf_longlong_hex                     0x00000000   Number         0  stubs.o ABSOLUTE
    _printf_longlong_oct                     0x00000000   Number         0  stubs.o ABSOLUTE
    _printf_ls                               0x00000000   Number         0  stubs.o ABSOLUTE
    _printf_mbtowc                           0x00000000   Number         0  stubs.o ABSOLUTE
    _printf_n                                0x00000000   Number         0  stubs.o ABSOLUTE
    _printf_o                                0x00000000   Number         0  stubs.o ABSOLUTE
    _printf_p                                0x00000000   Number         0  stubs.o ABSOLUTE
    _printf_percent                          0x00000000   Number         0  stubs.o ABSOLUTE
    _printf_pre_padding                      0x00000000   Number         0  stubs.o ABSOLUTE
    _printf_return_value                     0x00000000   Number         0  stubs.o ABSOLUTE
    _printf_s                                0x00000000   Number         0  stubs.o ABSOLUTE
    _printf_sizespec                         0x00000000   Number         0  stubs.o ABSOLUTE
    _printf_str                              0x00000000   Number         0  stubs.o ABSOLUTE
    _printf_truncate_signed                  0x00000000   Number         0  stubs.o ABSOLUTE
    _printf_truncate_unsigned                0x00000000   Number         0  stubs.o ABSOLUTE
    _printf_u                                0x00000000   Number         0  stubs.o ABSOLUTE
    _printf_wc                               0x00000000   Number         0  stubs.o ABSOLUTE
    _printf_wctomb                           0x00000000   Number         0  stubs.o ABSOLUTE
    _printf_widthprec                        0x00000000   Number         0  stubs.o ABSOLUTE
    _printf_x                                0x00000000   Number         0  stubs.o ABSOLUTE
    __arm_fini_                               - Undefined Weak Reference
    __cpp_initialize__aeabi_                  - Undefined Weak Reference
    __cxa_finalize                            - Undefined Weak Reference
    __decompress                              - Undefined Weak Reference
    _clock_init                               - Undefined Weak Reference
    _microlib_exit                            - Undefined Weak Reference
    _scanf_int                                - Undefined Weak Reference
    _scanf_longlong                           - Undefined Weak Reference
    _scanf_string                             - Undefined Weak Reference
    __Vectors_Size                           0x000001ac   Number         0  startup_stm32f429xx.o ABSOLUTE
    __Vectors                                0x08000000   Data           4  startup_stm32f429xx.o(RESET)
    __Vectors_End                            0x080001ac   Data           0  startup_stm32f429xx.o(RESET)
    __main                                   0x080001ad   Thumb Code     0  entry.o(.ARM.Collect$$$$00000000)
    _main_stk                                0x080001ad   Thumb Code     0  entry2.o(.ARM.Collect$$$$00000001)
    _main_scatterload                        0x080001b1   Thumb Code     0  entry5.o(.ARM.Collect$$$$00000004)
    __main_after_scatterload                 0x080001b5   Thumb Code     0  entry5.o(.ARM.Collect$$$$00000004)
    _main_clock                              0x080001b5   Thumb Code     0  entry7b.o(.ARM.Collect$$$$00000008)
    _main_cpp_init                           0x080001b5   Thumb Code     0  entry8b.o(.ARM.Collect$$$$0000000A)
    _main_init                               0x080001b5   Thumb Code     0  entry9a.o(.ARM.Collect$$$$0000000B)
    __rt_lib_shutdown_fini                   0x080001bd   Thumb Code     0  entry12b.o(.ARM.Collect$$$$0000000E)
    __rt_final_cpp                           0x080001c1   Thumb Code     0  entry10a.o(.ARM.Collect$$$$0000000F)
    __rt_final_exit                          0x080001c1   Thumb Code     0  entry11a.o(.ARM.Collect$$$$00000011)
    Reset_Handler                            0x080001c5   Thumb Code     8  startup_stm32f429xx.o(.text)
    ADC_IRQHandler                           0x080001df   Thumb Code     0  startup_stm32f429xx.o(.text)
    CAN1_RX0_IRQHandler                      0x080001df   Thumb Code     0  startup_stm32f429xx.o(.text)
    CAN1_RX1_IRQHandler                      0x080001df   Thumb Code     0  startup_stm32f429xx.o(.text)
    CAN1_SCE_IRQHandler                      0x080001df   Thumb Code     0  startup_stm32f429xx.o(.text)
    CAN1_TX_IRQHandler                       0x080001df   Thumb Code     0  startup_stm32f429xx.o(.text)
    CAN2_RX0_IRQHandler                      0x080001df   Thumb Code     0  startup_stm32f429xx.o(.text)
    CAN2_RX1_IRQHandler                      0x080001df   Thumb Code     0  startup_stm32f429xx.o(.text)
    CAN2_SCE_IRQHandler                      0x080001df   Thumb Code     0  startup_stm32f429xx.o(.text)
    CAN2_TX_IRQHandler                       0x080001df   Thumb Code     0  startup_stm32f429xx.o(.text)
    DCMI_IRQHandler                          0x080001df   Thumb Code     0  startup_stm32f429xx.o(.text)
    DMA1_Stream0_IRQHandler                  0x080001df   Thumb Code     0  startup_stm32f429xx.o(.text)
    DMA1_Stream1_IRQHandler                  0x080001df   Thumb Code     0  startup_stm32f429xx.o(.text)
    DMA1_Stream2_IRQHandler                  0x080001df   Thumb Code     0  startup_stm32f429xx.o(.text)
    DMA1_Stream3_IRQHandler                  0x080001df   Thumb Code     0  startup_stm32f429xx.o(.text)
    DMA1_Stream4_IRQHandler                  0x080001df   Thumb Code     0  startup_stm32f429xx.o(.text)
    DMA1_Stream7_IRQHandler                  0x080001df   Thumb Code     0  startup_stm32f429xx.o(.text)
    DMA2D_IRQHandler                         0x080001df   Thumb Code     0  startup_stm32f429xx.o(.text)
    DMA2_Stream0_IRQHandler                  0x080001df   Thumb Code     0  startup_stm32f429xx.o(.text)
    DMA2_Stream1_IRQHandler                  0x080001df   Thumb Code     0  startup_stm32f429xx.o(.text)
    DMA2_Stream3_IRQHandler                  0x080001df   Thumb Code     0  startup_stm32f429xx.o(.text)
    DMA2_Stream4_IRQHandler                  0x080001df   Thumb Code     0  startup_stm32f429xx.o(.text)
    DMA2_Stream5_IRQHandler                  0x080001df   Thumb Code     0  startup_stm32f429xx.o(.text)
    DMA2_Stream6_IRQHandler                  0x080001df   Thumb Code     0  startup_stm32f429xx.o(.text)
    ETH_IRQHandler                           0x080001df   Thumb Code     0  startup_stm32f429xx.o(.text)
    ETH_WKUP_IRQHandler                      0x080001df   Thumb Code     0  startup_stm32f429xx.o(.text)
    EXTI0_IRQHandler                         0x080001df   Thumb Code     0  startup_stm32f429xx.o(.text)
    EXTI15_10_IRQHandler                     0x080001df   Thumb Code     0  startup_stm32f429xx.o(.text)
    EXTI1_IRQHandler                         0x080001df   Thumb Code     0  startup_stm32f429xx.o(.text)
    EXTI2_IRQHandler                         0x080001df   Thumb Code     0  startup_stm32f429xx.o(.text)
    EXTI3_IRQHandler                         0x080001df   Thumb Code     0  startup_stm32f429xx.o(.text)
    EXTI4_IRQHandler                         0x080001df   Thumb Code     0  startup_stm32f429xx.o(.text)
    FLASH_IRQHandler                         0x080001df   Thumb Code     0  startup_stm32f429xx.o(.text)
    FMC_IRQHandler                           0x080001df   Thumb Code     0  startup_stm32f429xx.o(.text)
    FPU_IRQHandler                           0x080001df   Thumb Code     0  startup_stm32f429xx.o(.text)
    HASH_RNG_IRQHandler                      0x080001df   Thumb Code     0  startup_stm32f429xx.o(.text)
    I2C1_ER_IRQHandler                       0x080001df   Thumb Code     0  startup_stm32f429xx.o(.text)
    I2C1_EV_IRQHandler                       0x080001df   Thumb Code     0  startup_stm32f429xx.o(.text)
    I2C2_ER_IRQHandler                       0x080001df   Thumb Code     0  startup_stm32f429xx.o(.text)
    I2C2_EV_IRQHandler                       0x080001df   Thumb Code     0  startup_stm32f429xx.o(.text)
    I2C3_ER_IRQHandler                       0x080001df   Thumb Code     0  startup_stm32f429xx.o(.text)
    I2C3_EV_IRQHandler                       0x080001df   Thumb Code     0  startup_stm32f429xx.o(.text)
    LTDC_ER_IRQHandler                       0x080001df   Thumb Code     0  startup_stm32f429xx.o(.text)
    LTDC_IRQHandler                          0x080001df   Thumb Code     0  startup_stm32f429xx.o(.text)
    OTG_FS_IRQHandler                        0x080001df   Thumb Code     0  startup_stm32f429xx.o(.text)
    OTG_FS_WKUP_IRQHandler                   0x080001df   Thumb Code     0  startup_stm32f429xx.o(.text)
    OTG_HS_EP1_IN_IRQHandler                 0x080001df   Thumb Code     0  startup_stm32f429xx.o(.text)
    OTG_HS_EP1_OUT_IRQHandler                0x080001df   Thumb Code     0  startup_stm32f429xx.o(.text)
    OTG_HS_IRQHandler                        0x080001df   Thumb Code     0  startup_stm32f429xx.o(.text)
    OTG_HS_WKUP_IRQHandler                   0x080001df   Thumb Code     0  startup_stm32f429xx.o(.text)
    PVD_IRQHandler                           0x080001df   Thumb Code     0  startup_stm32f429xx.o(.text)
    RCC_IRQHandler                           0x080001df   Thumb Code     0  startup_stm32f429xx.o(.text)
    RTC_Alarm_IRQHandler                     0x080001df   Thumb Code     0  startup_stm32f429xx.o(.text)
    RTC_WKUP_IRQHandler                      0x080001df   Thumb Code     0  startup_stm32f429xx.o(.text)
    SAI1_IRQHandler                          0x080001df   Thumb Code     0  startup_stm32f429xx.o(.text)
    SDIO_IRQHandler                          0x080001df   Thumb Code     0  startup_stm32f429xx.o(.text)
    SPI1_IRQHandler                          0x080001df   Thumb Code     0  startup_stm32f429xx.o(.text)
    SPI2_IRQHandler                          0x080001df   Thumb Code     0  startup_stm32f429xx.o(.text)
    SPI3_IRQHandler                          0x080001df   Thumb Code     0  startup_stm32f429xx.o(.text)
    SPI4_IRQHandler                          0x080001df   Thumb Code     0  startup_stm32f429xx.o(.text)
    SPI5_IRQHandler                          0x080001df   Thumb Code     0  startup_stm32f429xx.o(.text)
    SPI6_IRQHandler                          0x080001df   Thumb Code     0  startup_stm32f429xx.o(.text)
    TAMP_STAMP_IRQHandler                    0x080001df   Thumb Code     0  startup_stm32f429xx.o(.text)
    TIM1_BRK_TIM9_IRQHandler                 0x080001df   Thumb Code     0  startup_stm32f429xx.o(.text)
    TIM1_CC_IRQHandler                       0x080001df   Thumb Code     0  startup_stm32f429xx.o(.text)
    TIM1_TRG_COM_TIM11_IRQHandler            0x080001df   Thumb Code     0  startup_stm32f429xx.o(.text)
    TIM1_UP_TIM10_IRQHandler                 0x080001df   Thumb Code     0  startup_stm32f429xx.o(.text)
    TIM2_IRQHandler                          0x080001df   Thumb Code     0  startup_stm32f429xx.o(.text)
    TIM3_IRQHandler                          0x080001df   Thumb Code     0  startup_stm32f429xx.o(.text)
    TIM4_IRQHandler                          0x080001df   Thumb Code     0  startup_stm32f429xx.o(.text)
    TIM5_IRQHandler                          0x080001df   Thumb Code     0  startup_stm32f429xx.o(.text)
    TIM7_IRQHandler                          0x080001df   Thumb Code     0  startup_stm32f429xx.o(.text)
    TIM8_BRK_TIM12_IRQHandler                0x080001df   Thumb Code     0  startup_stm32f429xx.o(.text)
    TIM8_CC_IRQHandler                       0x080001df   Thumb Code     0  startup_stm32f429xx.o(.text)
    TIM8_TRG_COM_TIM14_IRQHandler            0x080001df   Thumb Code     0  startup_stm32f429xx.o(.text)
    TIM8_UP_TIM13_IRQHandler                 0x080001df   Thumb Code     0  startup_stm32f429xx.o(.text)
    UART4_IRQHandler                         0x080001df   Thumb Code     0  startup_stm32f429xx.o(.text)
    UART5_IRQHandler                         0x080001df   Thumb Code     0  startup_stm32f429xx.o(.text)
    UART7_IRQHandler                         0x080001df   Thumb Code     0  startup_stm32f429xx.o(.text)
    UART8_IRQHandler                         0x080001df   Thumb Code     0  startup_stm32f429xx.o(.text)
    USART3_IRQHandler                        0x080001df   Thumb Code     0  startup_stm32f429xx.o(.text)
    USART6_IRQHandler                        0x080001df   Thumb Code     0  startup_stm32f429xx.o(.text)
    WWDG_IRQHandler                          0x080001df   Thumb Code     0  startup_stm32f429xx.o(.text)
    __aeabi_uldivmod                         0x080001e9   Thumb Code    98  uldiv.o(.text)
    __rt_ctype_table                         0x0800024d   Thumb Code     4  ctype_o.o(.text)
    __aeabi_memcpy                           0x08000255   Thumb Code    36  memcpya.o(.text)
    __aeabi_memcpy4                          0x08000255   Thumb Code     0  memcpya.o(.text)
    __aeabi_memcpy8                          0x08000255   Thumb Code     0  memcpya.o(.text)
    __aeabi_memset                           0x08000279   Thumb Code    14  memseta.o(.text)
    __aeabi_memset4                          0x08000279   Thumb Code     0  memseta.o(.text)
    __aeabi_memset8                          0x08000279   Thumb Code     0  memseta.o(.text)
    __aeabi_memclr                           0x08000287   Thumb Code     4  memseta.o(.text)
    __aeabi_memclr4                          0x08000287   Thumb Code     0  memseta.o(.text)
    __aeabi_memclr8                          0x08000287   Thumb Code     0  memseta.o(.text)
    _memset$wrapper                          0x0800028b   Thumb Code    18  memseta.o(.text)
    strstr                                   0x0800029d   Thumb Code    36  strstr.o(.text)
    strlen                                   0x080002c1   Thumb Code    14  strlen.o(.text)
    strcpy                                   0x080002cf   Thumb Code    18  strcpy.o(.text)
    atoi                                     0x080002e1   Thumb Code    26  atoi.o(.text)
    __aeabi_dadd                             0x080002fb   Thumb Code   322  dadd.o(.text)
    __aeabi_dsub                             0x0800043d   Thumb Code     6  dadd.o(.text)
    __aeabi_drsub                            0x08000443   Thumb Code     6  dadd.o(.text)
    __aeabi_dmul                             0x08000449   Thumb Code   228  dmul.o(.text)
    __aeabi_ui2d                             0x0800052d   Thumb Code    26  dfltui.o(.text)
    __aeabi_f2d                              0x08000547   Thumb Code    38  f2d.o(.text)
    __aeabi_cdrcmple                         0x0800056d   Thumb Code    48  cdrcmple.o(.text)
    __aeabi_d2f                              0x0800059d   Thumb Code    56  d2f.o(.text)
    __aeabi_uidiv                            0x080005d5   Thumb Code     0  uidiv.o(.text)
    __aeabi_uidivmod                         0x080005d5   Thumb Code    44  uidiv.o(.text)
    __aeabi_llsl                             0x08000601   Thumb Code    30  llshl.o(.text)
    _ll_shift_l                              0x08000601   Thumb Code     0  llshl.o(.text)
    __aeabi_llsr                             0x0800061f   Thumb Code    32  llushr.o(.text)
    _ll_ushift_r                             0x0800061f   Thumb Code     0  llushr.o(.text)
    __aeabi_lasr                             0x0800063f   Thumb Code    36  llsshr.o(.text)
    _ll_sshift_r                             0x0800063f   Thumb Code     0  llsshr.o(.text)
    strtol                                   0x08000663   Thumb Code   112  strtol.o(.text)
    __I$use$fp                               0x080006d3   Thumb Code     0  iusefp.o(.text)
    _float_round                             0x080006d3   Thumb Code    18  fepilogue.o(.text)
    _float_epilogue                          0x080006e5   Thumb Code    92  fepilogue.o(.text)
    _double_round                            0x08000741   Thumb Code    30  depilogue.o(.text)
    _double_epilogue                         0x0800075f   Thumb Code   156  depilogue.o(.text)
    __aeabi_ddiv                             0x080007fb   Thumb Code   222  ddiv.o(.text)
    __aeabi_d2ulz                            0x080008d9   Thumb Code    48  dfixul.o(.text)
    __scatterload                            0x08000909   Thumb Code    28  init.o(.text)
    __scatterload_rt2                        0x08000909   Thumb Code     0  init.o(.text)
    _strtoul                                 0x0800092d   Thumb Code   158  _strtoul.o(.text)
    _chval                                   0x080009cb   Thumb Code    28  _chval.o(.text)
    AT_check                                 0x080009e9   Thumb Code     6  l610_init.o(i.AT_check)
    Box_parse_json                           0x080009f9   Thumb Code   184  json2data.o(i.Box_parse_json)
    Box_proc                                 0x08000ac9   Thumb Code    50  main.o(i.Box_proc)
    BusFault_Handler                         0x08000b05   Thumb Code     2  stm32f4xx_it.o(i.BusFault_Handler)
    Car_stop                                 0x08000b07   Thumb Code    38  motor.o(i.Car_stop)
    Clear_Buffer                             0x08000b2d   Thumb Code    18  l610_init.o(i.Clear_Buffer)
    Commandname_parse_json                   0x08000b45   Thumb Code   108  json2data.o(i.Commandname_parse_json)
    DMA1_Stream5_IRQHandler                  0x08000bc5   Thumb Code     6  stm32f4xx_it.o(i.DMA1_Stream5_IRQHandler)
    DMA1_Stream6_IRQHandler                  0x08000bd1   Thumb Code     6  stm32f4xx_it.o(i.DMA1_Stream6_IRQHandler)
    DMA2_Stream2_IRQHandler                  0x08000bdd   Thumb Code     6  stm32f4xx_it.o(i.DMA2_Stream2_IRQHandler)
    DMA2_Stream7_IRQHandler                  0x08000be9   Thumb Code     6  stm32f4xx_it.o(i.DMA2_Stream7_IRQHandler)
    DebugMon_Handler                         0x08000c71   Thumb Code     2  stm32f4xx_it.o(i.DebugMon_Handler)
    EXTI9_5_IRQHandler                       0x08000c73   Thumb Code    22  stm32f4xx_it.o(i.EXTI9_5_IRQHandler)
    Error_Handler                            0x08000c89   Thumb Code     4  main.o(i.Error_Handler)
    GY906_ReadMemory                         0x08000c8d   Thumb Code    94  gy906.o(i.GY906_ReadMemory)
    GY906_ReadTemp                           0x08000cf1   Thumb Code    48  gy906.o(i.GY906_ReadTemp)
    Get_IP                                   0x08000d31   Thumb Code     6  l610_init.o(i.Get_IP)
    HAL_DMA_Abort                            0x08000d49   Thumb Code   146  stm32f4xx_hal_dma.o(i.HAL_DMA_Abort)
    HAL_DMA_Abort_IT                         0x08000ddb   Thumb Code    36  stm32f4xx_hal_dma.o(i.HAL_DMA_Abort_IT)
    HAL_DMA_IRQHandler                       0x08000e01   Thumb Code   412  stm32f4xx_hal_dma.o(i.HAL_DMA_IRQHandler)
    HAL_DMA_Init                             0x08000fa1   Thumb Code   206  stm32f4xx_hal_dma.o(i.HAL_DMA_Init)
    HAL_Delay                                0x08001075   Thumb Code    32  stm32f4xx_hal.o(i.HAL_Delay)
    HAL_GPIO_EXTI_Callback                   0x08001099   Thumb Code    20  stm32f4xx_it.o(i.HAL_GPIO_EXTI_Callback)
    HAL_GPIO_EXTI_IRQHandler                 0x080010b1   Thumb Code    18  stm32f4xx_hal_gpio.o(i.HAL_GPIO_EXTI_IRQHandler)
    HAL_GPIO_Init                            0x080010c9   Thumb Code   510  stm32f4xx_hal_gpio.o(i.HAL_GPIO_Init)
    HAL_GPIO_ReadPin                         0x080012fd   Thumb Code    10  stm32f4xx_hal_gpio.o(i.HAL_GPIO_ReadPin)
    HAL_GPIO_WritePin                        0x08001307   Thumb Code    10  stm32f4xx_hal_gpio.o(i.HAL_GPIO_WritePin)
    HAL_GetTick                              0x08001311   Thumb Code     6  stm32f4xx_hal.o(i.HAL_GetTick)
    HAL_IncTick                              0x0800131d   Thumb Code    12  stm32f4xx_hal.o(i.HAL_IncTick)
    HAL_Init                                 0x0800132d   Thumb Code    48  stm32f4xx_hal.o(i.HAL_Init)
    HAL_InitTick                             0x08001361   Thumb Code    54  stm32f4xx_hal.o(i.HAL_InitTick)
    HAL_MspInit                              0x080013a1   Thumb Code    42  stm32f4xx_hal_msp.o(i.HAL_MspInit)
    HAL_NVIC_EnableIRQ                       0x080013d1   Thumb Code    26  stm32f4xx_hal_cortex.o(i.HAL_NVIC_EnableIRQ)
    HAL_NVIC_SetPriority                     0x080013ed   Thumb Code    60  stm32f4xx_hal_cortex.o(i.HAL_NVIC_SetPriority)
    HAL_NVIC_SetPriorityGrouping             0x0800142d   Thumb Code    26  stm32f4xx_hal_cortex.o(i.HAL_NVIC_SetPriorityGrouping)
    HAL_PWREx_EnableOverDrive                0x08001451   Thumb Code    98  stm32f4xx_hal_pwr_ex.o(i.HAL_PWREx_EnableOverDrive)
    HAL_RCC_ClockConfig                      0x080014c1   Thumb Code   288  stm32f4xx_hal_rcc.o(i.HAL_RCC_ClockConfig)
    HAL_RCC_GetPCLK1Freq                     0x080015f5   Thumb Code    20  stm32f4xx_hal_rcc.o(i.HAL_RCC_GetPCLK1Freq)
    HAL_RCC_GetPCLK2Freq                     0x08001615   Thumb Code    20  stm32f4xx_hal_rcc.o(i.HAL_RCC_GetPCLK2Freq)
    HAL_RCC_GetSysClockFreq                  0x08001635   Thumb Code    88  stm32f4xx_hal_rcc.o(i.HAL_RCC_GetSysClockFreq)
    HAL_RCC_OscConfig                        0x08001699   Thumb Code   856  stm32f4xx_hal_rcc.o(i.HAL_RCC_OscConfig)
    HAL_SYSTICK_Config                       0x08001a05   Thumb Code    40  stm32f4xx_hal_cortex.o(i.HAL_SYSTICK_Config)
    HAL_TIMEx_BreakCallback                  0x08001a2d   Thumb Code     2  stm32f4xx_hal_tim_ex.o(i.HAL_TIMEx_BreakCallback)
    HAL_TIMEx_CommutCallback                 0x08001a2f   Thumb Code     2  stm32f4xx_hal_tim_ex.o(i.HAL_TIMEx_CommutCallback)
    HAL_TIMEx_MasterConfigSynchronization    0x08001a31   Thumb Code   116  stm32f4xx_hal_tim_ex.o(i.HAL_TIMEx_MasterConfigSynchronization)
    HAL_TIM_Base_Init                        0x08001ac1   Thumb Code    90  stm32f4xx_hal_tim.o(i.HAL_TIM_Base_Init)
    HAL_TIM_Base_MspInit                     0x08001b1d   Thumb Code    50  tim.o(i.HAL_TIM_Base_MspInit)
    HAL_TIM_IC_CaptureCallback               0x08001b59   Thumb Code     2  stm32f4xx_hal_tim.o(i.HAL_TIM_IC_CaptureCallback)
    HAL_TIM_IRQHandler                       0x08001b5b   Thumb Code   304  stm32f4xx_hal_tim.o(i.HAL_TIM_IRQHandler)
    HAL_TIM_MspPostInit                      0x08001c8d   Thumb Code   110  tim.o(i.HAL_TIM_MspPostInit)
    HAL_TIM_OC_DelayElapsedCallback          0x08001d09   Thumb Code     2  stm32f4xx_hal_tim.o(i.HAL_TIM_OC_DelayElapsedCallback)
    HAL_TIM_PWM_ConfigChannel                0x08001d0b   Thumb Code   204  stm32f4xx_hal_tim.o(i.HAL_TIM_PWM_ConfigChannel)
    HAL_TIM_PWM_Init                         0x08001dd7   Thumb Code    90  stm32f4xx_hal_tim.o(i.HAL_TIM_PWM_Init)
    HAL_TIM_PWM_MspInit                      0x08001e31   Thumb Code    52  tim.o(i.HAL_TIM_PWM_MspInit)
    HAL_TIM_PWM_PulseFinishedCallback        0x08001e6d   Thumb Code     2  stm32f4xx_hal_tim.o(i.HAL_TIM_PWM_PulseFinishedCallback)
    HAL_TIM_PWM_Start                        0x08001e71   Thumb Code   172  stm32f4xx_hal_tim.o(i.HAL_TIM_PWM_Start)
    HAL_TIM_PeriodElapsedCallback            0x08001f39   Thumb Code    12  stm32f4xx_it.o(i.HAL_TIM_PeriodElapsedCallback)
    HAL_TIM_TriggerCallback                  0x08001f49   Thumb Code     2  stm32f4xx_hal_tim.o(i.HAL_TIM_TriggerCallback)
    HAL_UARTEx_ReceiveToIdle_IT              0x08001f4b   Thumb Code    78  stm32f4xx_hal_uart.o(i.HAL_UARTEx_ReceiveToIdle_IT)
    HAL_UARTEx_RxEventCallback               0x08001f99   Thumb Code   398  l610_init.o(i.HAL_UARTEx_RxEventCallback)
    HAL_UART_ErrorCallback                   0x0800218d   Thumb Code     2  stm32f4xx_hal_uart.o(i.HAL_UART_ErrorCallback)
    HAL_UART_IRQHandler                      0x08002191   Thumb Code   618  stm32f4xx_hal_uart.o(i.HAL_UART_IRQHandler)
    HAL_UART_Init                            0x08002401   Thumb Code   100  stm32f4xx_hal_uart.o(i.HAL_UART_Init)
    HAL_UART_MspInit                         0x08002465   Thumb Code   380  usart.o(i.HAL_UART_MspInit)
    HAL_UART_RxCpltCallback                  0x08002601   Thumb Code     2  stm32f4xx_hal_uart.o(i.HAL_UART_RxCpltCallback)
    HAL_UART_Transmit                        0x08002603   Thumb Code   160  stm32f4xx_hal_uart.o(i.HAL_UART_Transmit)
    HAL_UART_TxCpltCallback                  0x080026a3   Thumb Code     2  stm32f4xx_hal_uart.o(i.HAL_UART_TxCpltCallback)
    HW_Connect_MQTT                          0x080026a5   Thumb Code    12  l610_init.o(i.HW_Connect_MQTT)
    HW_DISConnect                            0x080026d9   Thumb Code     6  l610_init.o(i.HW_DISConnect)
    HW_HMSUB_0                               0x080026ed   Thumb Code     8  l610_init.o(i.HW_HMSUB_0)
    HW_HMSUB_1                               0x08002729   Thumb Code    84  l610_init.o(i.HW_HMSUB_1)
    HW_HMSUB_1_temp                          0x080027bd   Thumb Code    52  l610_init.o(i.HW_HMSUB_1_temp)
    HardFault_Handler                        0x08002831   Thumb Code     2  stm32f4xx_it.o(i.HardFault_Handler)
    L610_HW_init                             0x08002835   Thumb Code    72  l610_init.o(i.L610_HW_init)
    MX_DMA_Init                              0x080028ad   Thumb Code   104  dma.o(i.MX_DMA_Init)
    MX_GPIO_Init                             0x08002919   Thumb Code   322  gpio.o(i.MX_GPIO_Init)
    MX_TIM2_Init                             0x08002a71   Thumb Code   120  tim.o(i.MX_TIM2_Init)
    MX_TIM3_Init                             0x08002aed   Thumb Code   118  tim.o(i.MX_TIM3_Init)
    MX_TIM6_Init                             0x08002b6d   Thumb Code    62  tim.o(i.MX_TIM6_Init)
    MX_USART1_UART_Init                      0x08002bb5   Thumb Code    48  usart.o(i.MX_USART1_UART_Init)
    MX_USART2_UART_Init                      0x08002bed   Thumb Code    48  usart.o(i.MX_USART2_UART_Init)
    Max30102_Calculate_HR_BO_Value           0x08002c25   Thumb Code   378  max30102.o(i.Max30102_Calculate_HR_BO_Value)
    MemManage_Handler                        0x08002ddd   Thumb Code     2  stm32f4xx_it.o(i.MemManage_Handler)
    Move_back                                0x08002ddf   Thumb Code    40  motor.o(i.Move_back)
    Move_forward                             0x08002e07   Thumb Code    40  motor.o(i.Move_forward)
    MyI2C_R_SDA                              0x08002e31   Thumb Code    22  myi2c.o(i.MyI2C_R_SDA)
    MyI2C_ReceiveAck                         0x08002e4d   Thumb Code    30  myi2c.o(i.MyI2C_ReceiveAck)
    MyI2C_ReceiveByte                        0x08002e6b   Thumb Code    52  myi2c.o(i.MyI2C_ReceiveByte)
    MyI2C_SendAck                            0x08002e9f   Thumb Code    22  myi2c.o(i.MyI2C_SendAck)
    MyI2C_SendByte                           0x08002eb5   Thumb Code    40  myi2c.o(i.MyI2C_SendByte)
    MyI2C_Start                              0x08002edd   Thumb Code    58  myi2c.o(i.MyI2C_Start)
    MyI2C_Stop                               0x08002f1d   Thumb Code    30  myi2c.o(i.MyI2C_Stop)
    MyI2C_W_SCL                              0x08002f3d   Thumb Code    22  myi2c.o(i.MyI2C_W_SCL)
    MyI2C_W_SDA                              0x08002f59   Thumb Code    22  myi2c.o(i.MyI2C_W_SDA)
    MyI2C_WaitAck                            0x08002f75   Thumb Code    30  myi2c.o(i.MyI2C_WaitAck)
    Mystrlen                                 0x08002f93   Thumb Code    24  l610_init.o(i.Mystrlen)
    NMI_Handler                              0x08002fab   Thumb Code     2  stm32f4xx_it.o(i.NMI_Handler)
    PendSV_Handler                           0x08002fad   Thumb Code     2  stm32f4xx_it.o(i.PendSV_Handler)
    SVC_Handler                              0x08002faf   Thumb Code     2  stm32f4xx_it.o(i.SVC_Handler)
    Set_MotorA                               0x08002fb1   Thumb Code    54  motor.o(i.Set_MotorA)
    Set_MotorB                               0x08002ff5   Thumb Code    54  motor.o(i.Set_MotorB)
    Set_MotorC                               0x08003039   Thumb Code    52  motor.o(i.Set_MotorC)
    Set_MotorD                               0x08003075   Thumb Code    52  motor.o(i.Set_MotorD)
    SysTick_Handler                          0x080030b1   Thumb Code     4  stm32f4xx_it.o(i.SysTick_Handler)
    SystemClock_Config                       0x080030b5   Thumb Code   148  main.o(i.SystemClock_Config)
    SystemInit                               0x08003151   Thumb Code    12  system_stm32f4xx.o(i.SystemInit)
    TIM6_DAC_IRQHandler                      0x08003161   Thumb Code     6  stm32f4xx_it.o(i.TIM6_DAC_IRQHandler)
    TIM_Base_SetConfig                       0x0800316d   Thumb Code   170  stm32f4xx_hal_tim.o(i.TIM_Base_SetConfig)
    TIM_CCxChannelCmd                        0x08003245   Thumb Code    26  stm32f4xx_hal_tim.o(i.TIM_CCxChannelCmd)
    TIM_OC2_SetConfig                        0x080032c1   Thumb Code    98  stm32f4xx_hal_tim.o(i.TIM_OC2_SetConfig)
    Turn_left                                0x080033e5   Thumb Code    40  motor.o(i.Turn_left)
    Turn_right                               0x0800340d   Thumb Code    40  motor.o(i.Turn_right)
    UART_Start_Receive_IT                    0x08003661   Thumb Code    54  stm32f4xx_hal_uart.o(i.UART_Start_Receive_IT)
    USART1_IRQHandler                        0x08003709   Thumb Code     6  stm32f4xx_it.o(i.USART1_IRQHandler)
    USART2_IRQHandler                        0x08003715   Thumb Code     6  stm32f4xx_it.o(i.USART2_IRQHandler)
    UsageFault_Handler                       0x08003721   Thumb Code     2  stm32f4xx_it.o(i.UsageFault_Handler)
    __0printf                                0x08003725   Thumb Code    22  printfa.o(i.__0printf)
    __1printf                                0x08003725   Thumb Code     0  printfa.o(i.__0printf)
    __2printf                                0x08003725   Thumb Code     0  printfa.o(i.__0printf)
    __c89printf                              0x08003725   Thumb Code     0  printfa.o(i.__0printf)
    printf                                   0x08003725   Thumb Code     0  printfa.o(i.__0printf)
    __0sprintf                               0x08003745   Thumb Code    34  printfa.o(i.__0sprintf)
    __1sprintf                               0x08003745   Thumb Code     0  printfa.o(i.__0sprintf)
    __2sprintf                               0x08003745   Thumb Code     0  printfa.o(i.__0sprintf)
    __c89sprintf                             0x08003745   Thumb Code     0  printfa.o(i.__0sprintf)
    sprintf                                  0x08003745   Thumb Code     0  printfa.o(i.__0sprintf)
    __aeabi_errno_addr                       0x0800378d   Thumb Code     4  errno.o(i.__aeabi_errno_addr)
    __rt_errno_addr                          0x0800378d   Thumb Code     0  errno.o(i.__aeabi_errno_addr)
    __scatterload_copy                       0x08003795   Thumb Code    14  handlers.o(i.__scatterload_copy)
    __scatterload_null                       0x080037a3   Thumb Code     2  handlers.o(i.__scatterload_null)
    __scatterload_zeroinit                   0x080037a5   Thumb Code    14  handlers.o(i.__scatterload_zeroinit)
    fputc                                    0x08004049   Thumb Code    20  main.o(i.fputc)
    i2c_delay_us                             0x08004061   Thumb Code    22  myi2c.o(i.i2c_delay_us)
    main                                     0x08004079   Thumb Code   620  main.o(i.main)
    max30102_Bus_Read                        0x08004361   Thumb Code    76  max30102.o(i.max30102_Bus_Read)
    max30102_Bus_Write                       0x080043ad   Thumb Code    62  max30102.o(i.max30102_Bus_Write)
    max30102_FIFO_ReadBytes                  0x080043eb   Thumb Code   146  max30102.o(i.max30102_FIFO_ReadBytes)
    max30102_init                            0x0800447d   Thumb Code   758  max30102.o(i.max30102_init)
    max30102_reset                           0x0800485d   Thumb Code    22  max30102.o(i.max30102_reset)
    maxim_find_peaks                         0x08004873   Thumb Code    50  max30102_algorithm.o(i.maxim_find_peaks)
    maxim_heart_rate_and_oxygen_saturation   0x080048a5   Thumb Code   936  max30102_algorithm.o(i.maxim_heart_rate_and_oxygen_saturation)
    maxim_peaks_above_min_height             0x08004c61   Thumb Code   106  max30102_algorithm.o(i.maxim_peaks_above_min_height)
    maxim_remove_close_peaks                 0x08004ccd   Thumb Code   108  max30102_algorithm.o(i.maxim_remove_close_peaks)
    maxim_sort_ascend                        0x08004d39   Thumb Code    50  max30102_algorithm.o(i.maxim_sort_ascend)
    maxim_sort_indices_descend               0x08004d6d   Thumb Code    58  max30102_algorithm.o(i.maxim_sort_indices_descend)
    move_parse_json                          0x08004da9   Thumb Code   104  json2data.o(i.move_parse_json)
    move_proc                                0x08004e19   Thumb Code    48  main.o(i.move_proc)
    text_parse_json                          0x08004e4d   Thumb Code   112  json2data.o(i.text_parse_json)
    yizhu_proc                               0x08004ec9   Thumb Code    42  main.o(i.yizhu_proc)
    AHBPrescTable                            0x08004f1c   Data          16  system_stm32f4xx.o(.constdata)
    APBPrescTable                            0x08004f2c   Data           8  system_stm32f4xx.o(.constdata)
    auw_hamm                                 0x08004f34   Data          62  max30102_algorithm.o(.constdata)
    uch_spo2_table                           0x08004f72   Data         184  max30102_algorithm.o(.constdata)
    __ctype_table                            0x0800502a   Data         129  ctype_o.o(.constdata)
    Region$$Table$$Base                      0x08005164   Number         0  anon$$obj.o(Region$$Table)
    Region$$Table$$Limit                     0x08005184   Number         0  anon$$obj.o(Region$$Table)
    celiang_flag                             0x20000000   Data           1  main.o(.data)
    L610_sta                                 0x20000004   Data           4  main.o(.data)
    temp                                     0x20000008   Data           4  main.o(.data)
    avg_HR                                   0x2000000c   Data           4  main.o(.data)
    AHV_p                                    0x20000010   Data           4  main.o(.data)
    BOV_p                                    0x20000014   Data           4  main.o(.data)
    avg_BO                                   0x20000018   Data           4  main.o(.data)
    last_yizhu                               0x2000001c   Data           4  main.o(.data)
    uwTickFreq                               0x20000020   Data           1  stm32f4xx_hal.o(.data)
    uwTickPrio                               0x20000024   Data           4  stm32f4xx_hal.o(.data)
    uwTick                                   0x20000028   Data           4  stm32f4xx_hal.o(.data)
    SystemCoreClock                          0x2000002c   Data           4  system_stm32f4xx.o(.data)
    DataL                                    0x20000030   Data           1  gy906.o(.data)
    DataH                                    0x20000031   Data           1  gy906.o(.data)
    data                                     0x20000032   Data           2  gy906.o(.data)
    ir_buffer_length                         0x20000034   Data           4  max30102_algorithm.o(.data)
    red_max                                  0x20000038   Data           4  max30102_algorithm.o(.data)
    red_min                                  0x2000003c   Data           4  max30102_algorithm.o(.data)
    TempData                                 0x20000040   Data           6  max30102_algorithm.o(.data)
    pn_SpO2_value                            0x20000048   Data           4  max30102_algorithm.o(.data)
    SpO2_valid                               0x2000004c   Data           1  max30102_algorithm.o(.data)
    pn_hr_value                              0x20000050   Data           4  max30102_algorithm.o(.data)
    hr_valid                                 0x20000054   Data           1  max30102_algorithm.o(.data)
    prev_data                                0x20000058   Data           4  max30102_algorithm.o(.data)
    f_temp                                   0x2000005c   Data           4  max30102_algorithm.o(.data)
    n_brightness                             0x20000060   Data           4  max30102_algorithm.o(.data)
    strx                                     0x20000064   Data           4  l610_init.o(.data)
    str1                                     0x20000068   Data           4  l610_init.o(.data)
    __stdout                                 0x2000006c   Data           4  stdout.o(.data)
    cmd                                      0x20000074   Data         316  main.o(.bss)
    avg_HR_VAL                               0x200001b0   Data         512  main.o(.bss)
    avg_BO_VAL                               0x200003b0   Data         512  main.o(.bss)
    RxBuffer                                 0x200005b0   Data         250  main.o(.bss)
    RxBuffer2                                0x200006aa   Data          30  main.o(.bss)
    txBuffer2                                0x200006c8   Data          30  main.o(.bss)
    htim2                                    0x200006e8   Data          72  tim.o(.bss)
    htim3                                    0x20000730   Data          72  tim.o(.bss)
    htim6                                    0x20000778   Data          72  tim.o(.bss)
    huart1                                   0x200007c0   Data          72  usart.o(.bss)
    huart2                                   0x20000808   Data          72  usart.o(.bss)
    hdma_usart1_tx                           0x20000850   Data          96  usart.o(.bss)
    hdma_usart1_rx                           0x200008b0   Data          96  usart.o(.bss)
    hdma_usart2_rx                           0x20000910   Data          96  usart.o(.bss)
    hdma_usart2_tx                           0x20000970   Data          96  usart.o(.bss)
    red_buffer                               0x200009d0   Data        2000  max30102_algorithm.o(.bss)
    ir_buffer                                0x200011a0   Data        2000  max30102_algorithm.o(.bss)
    __initial_sp                             0x200034d0   Data           0  startup_stm32f429xx.o(STACK)



==============================================================================

Memory Map of the image

  Image Entry point : 0x080001ad

  Load Region LR_IROM1 (Base: 0x08000000, Size: 0x000051f8, Max: 0x00100000, ABSOLUTE)

    Execution Region ER_IROM1 (Exec base: 0x08000000, Load base: 0x08000000, Size: 0x00005184, Max: 0x00100000, ABSOLUTE)

    Exec Addr    Load Addr    Size         Type   Attr      Idx    E Section Name        Object

    0x08000000   0x08000000   0x000001ac   Data   RO            3    RESET               startup_stm32f429xx.o
    0x080001ac   0x080001ac   0x00000000   Code   RO         4597  * .ARM.Collect$$$$00000000  mc_w.l(entry.o)
    0x080001ac   0x080001ac   0x00000004   Code   RO         4967    .ARM.Collect$$$$00000001  mc_w.l(entry2.o)
    0x080001b0   0x080001b0   0x00000004   Code   RO         4970    .ARM.Collect$$$$00000004  mc_w.l(entry5.o)
    0x080001b4   0x080001b4   0x00000000   Code   RO         4972    .ARM.Collect$$$$00000008  mc_w.l(entry7b.o)
    0x080001b4   0x080001b4   0x00000000   Code   RO         4974    .ARM.Collect$$$$0000000A  mc_w.l(entry8b.o)
    0x080001b4   0x080001b4   0x00000008   Code   RO         4975    .ARM.Collect$$$$0000000B  mc_w.l(entry9a.o)
    0x080001bc   0x080001bc   0x00000004   Code   RO         4982    .ARM.Collect$$$$0000000E  mc_w.l(entry12b.o)
    0x080001c0   0x080001c0   0x00000000   Code   RO         4977    .ARM.Collect$$$$0000000F  mc_w.l(entry10a.o)
    0x080001c0   0x080001c0   0x00000000   Code   RO         4979    .ARM.Collect$$$$00000011  mc_w.l(entry11a.o)
    0x080001c0   0x080001c0   0x00000004   Code   RO         4968    .ARM.Collect$$$$00002712  mc_w.l(entry2.o)
    0x080001c4   0x080001c4   0x00000024   Code   RO            4    .text               startup_stm32f429xx.o
    0x080001e8   0x080001e8   0x00000062   Code   RO         4600    .text               mc_w.l(uldiv.o)
    0x0800024a   0x0800024a   0x00000002   PAD
    0x0800024c   0x0800024c   0x00000008   Code   RO         4602    .text               mc_w.l(ctype_o.o)
    0x08000254   0x08000254   0x00000024   Code   RO         4632    .text               mc_w.l(memcpya.o)
    0x08000278   0x08000278   0x00000024   Code   RO         4634    .text               mc_w.l(memseta.o)
    0x0800029c   0x0800029c   0x00000024   Code   RO         4638    .text               mc_w.l(strstr.o)
    0x080002c0   0x080002c0   0x0000000e   Code   RO         4640    .text               mc_w.l(strlen.o)
    0x080002ce   0x080002ce   0x00000012   Code   RO         4644    .text               mc_w.l(strcpy.o)
    0x080002e0   0x080002e0   0x0000001a   Code   RO         4947    .text               mc_w.l(atoi.o)
    0x080002fa   0x080002fa   0x0000014e   Code   RO         4949    .text               mf_w.l(dadd.o)
    0x08000448   0x08000448   0x000000e4   Code   RO         4951    .text               mf_w.l(dmul.o)
    0x0800052c   0x0800052c   0x0000001a   Code   RO         4955    .text               mf_w.l(dfltui.o)
    0x08000546   0x08000546   0x00000026   Code   RO         4959    .text               mf_w.l(f2d.o)
    0x0800056c   0x0800056c   0x00000030   Code   RO         4963    .text               mf_w.l(cdrcmple.o)
    0x0800059c   0x0800059c   0x00000038   Code   RO         4965    .text               mf_w.l(d2f.o)
    0x080005d4   0x080005d4   0x0000002c   Code   RO         4984    .text               mc_w.l(uidiv.o)
    0x08000600   0x08000600   0x0000001e   Code   RO         4986    .text               mc_w.l(llshl.o)
    0x0800061e   0x0800061e   0x00000020   Code   RO         4988    .text               mc_w.l(llushr.o)
    0x0800063e   0x0800063e   0x00000024   Code   RO         4990    .text               mc_w.l(llsshr.o)
    0x08000662   0x08000662   0x00000070   Code   RO         5007    .text               mc_w.l(strtol.o)
    0x080006d2   0x080006d2   0x00000000   Code   RO         5009    .text               mc_w.l(iusefp.o)
    0x080006d2   0x080006d2   0x0000006e   Code   RO         5010    .text               mf_w.l(fepilogue.o)
    0x08000740   0x08000740   0x000000ba   Code   RO         5012    .text               mf_w.l(depilogue.o)
    0x080007fa   0x080007fa   0x000000de   Code   RO         5014    .text               mf_w.l(ddiv.o)
    0x080008d8   0x080008d8   0x00000030   Code   RO         5018    .text               mf_w.l(dfixul.o)
    0x08000908   0x08000908   0x00000024   Code   RO         5020    .text               mc_w.l(init.o)
    0x0800092c   0x0800092c   0x0000009e   Code   RO         5026    .text               mc_w.l(_strtoul.o)
    0x080009ca   0x080009ca   0x0000001c   Code   RO         5031    .text               mc_w.l(_chval.o)
    0x080009e6   0x080009e6   0x00000002   PAD
    0x080009e8   0x080009e8   0x00000010   Code   RO         3646    i.AT_check          l610_init.o
    0x080009f8   0x080009f8   0x000000d0   Code   RO         3594    i.Box_parse_json    json2data.o
    0x08000ac8   0x08000ac8   0x0000003c   Code   RO           13    i.Box_proc          main.o
    0x08000b04   0x08000b04   0x00000002   Code   RO          414    i.BusFault_Handler  stm32f4xx_it.o
    0x08000b06   0x08000b06   0x00000026   Code   RO         3519    i.Car_stop          motor.o
    0x08000b2c   0x08000b2c   0x00000018   Code   RO         3648    i.Clear_Buffer      l610_init.o
    0x08000b44   0x08000b44   0x00000080   Code   RO         3595    i.Commandname_parse_json  json2data.o
    0x08000bc4   0x08000bc4   0x0000000c   Code   RO          415    i.DMA1_Stream5_IRQHandler  stm32f4xx_it.o
    0x08000bd0   0x08000bd0   0x0000000c   Code   RO          416    i.DMA1_Stream6_IRQHandler  stm32f4xx_it.o
    0x08000bdc   0x08000bdc   0x0000000c   Code   RO          417    i.DMA2_Stream2_IRQHandler  stm32f4xx_it.o
    0x08000be8   0x08000be8   0x0000000c   Code   RO          418    i.DMA2_Stream7_IRQHandler  stm32f4xx_it.o
    0x08000bf4   0x08000bf4   0x00000028   Code   RO         2058    i.DMA_CalcBaseAndBitshift  stm32f4xx_hal_dma.o
    0x08000c1c   0x08000c1c   0x00000054   Code   RO         2059    i.DMA_CheckFifoParam  stm32f4xx_hal_dma.o
    0x08000c70   0x08000c70   0x00000002   Code   RO          419    i.DebugMon_Handler  stm32f4xx_it.o
    0x08000c72   0x08000c72   0x00000016   Code   RO          420    i.EXTI9_5_IRQHandler  stm32f4xx_it.o
    0x08000c88   0x08000c88   0x00000004   Code   RO           14    i.Error_Handler     main.o
    0x08000c8c   0x08000c8c   0x00000064   Code   RO         3168    i.GY906_ReadMemory  gy906.o
    0x08000cf0   0x08000cf0   0x00000040   Code   RO         3169    i.GY906_ReadTemp    gy906.o
    0x08000d30   0x08000d30   0x00000018   Code   RO         3651    i.Get_IP            l610_init.o
    0x08000d48   0x08000d48   0x00000092   Code   RO         2061    i.HAL_DMA_Abort     stm32f4xx_hal_dma.o
    0x08000dda   0x08000dda   0x00000024   Code   RO         2062    i.HAL_DMA_Abort_IT  stm32f4xx_hal_dma.o
    0x08000dfe   0x08000dfe   0x00000002   PAD
    0x08000e00   0x08000e00   0x000001a0   Code   RO         2066    i.HAL_DMA_IRQHandler  stm32f4xx_hal_dma.o
    0x08000fa0   0x08000fa0   0x000000d4   Code   RO         2067    i.HAL_DMA_Init      stm32f4xx_hal_dma.o
    0x08001074   0x08001074   0x00000024   Code   RO         2504    i.HAL_Delay         stm32f4xx_hal.o
    0x08001098   0x08001098   0x00000018   Code   RO          421    i.HAL_GPIO_EXTI_Callback  stm32f4xx_it.o
    0x080010b0   0x080010b0   0x00000018   Code   RO         1953    i.HAL_GPIO_EXTI_IRQHandler  stm32f4xx_hal_gpio.o
    0x080010c8   0x080010c8   0x00000234   Code   RO         1954    i.HAL_GPIO_Init     stm32f4xx_hal_gpio.o
    0x080012fc   0x080012fc   0x0000000a   Code   RO         1956    i.HAL_GPIO_ReadPin  stm32f4xx_hal_gpio.o
    0x08001306   0x08001306   0x0000000a   Code   RO         1958    i.HAL_GPIO_WritePin  stm32f4xx_hal_gpio.o
    0x08001310   0x08001310   0x0000000c   Code   RO         2512    i.HAL_GetTick       stm32f4xx_hal.o
    0x0800131c   0x0800131c   0x00000010   Code   RO         2518    i.HAL_IncTick       stm32f4xx_hal.o
    0x0800132c   0x0800132c   0x00000034   Code   RO         2519    i.HAL_Init          stm32f4xx_hal.o
    0x08001360   0x08001360   0x00000040   Code   RO         2520    i.HAL_InitTick      stm32f4xx_hal.o
    0x080013a0   0x080013a0   0x00000030   Code   RO          550    i.HAL_MspInit       stm32f4xx_hal_msp.o
    0x080013d0   0x080013d0   0x0000001a   Code   RO         2362    i.HAL_NVIC_EnableIRQ  stm32f4xx_hal_cortex.o
    0x080013ea   0x080013ea   0x00000002   PAD
    0x080013ec   0x080013ec   0x00000040   Code   RO         2368    i.HAL_NVIC_SetPriority  stm32f4xx_hal_cortex.o
    0x0800142c   0x0800142c   0x00000024   Code   RO         2369    i.HAL_NVIC_SetPriorityGrouping  stm32f4xx_hal_cortex.o
    0x08001450   0x08001450   0x00000070   Code   RO         2290    i.HAL_PWREx_EnableOverDrive  stm32f4xx_hal_pwr_ex.o
    0x080014c0   0x080014c0   0x00000134   Code   RO         1548    i.HAL_RCC_ClockConfig  stm32f4xx_hal_rcc.o
    0x080015f4   0x080015f4   0x00000020   Code   RO         1555    i.HAL_RCC_GetPCLK1Freq  stm32f4xx_hal_rcc.o
    0x08001614   0x08001614   0x00000020   Code   RO         1556    i.HAL_RCC_GetPCLK2Freq  stm32f4xx_hal_rcc.o
    0x08001634   0x08001634   0x00000064   Code   RO         1557    i.HAL_RCC_GetSysClockFreq  stm32f4xx_hal_rcc.o
    0x08001698   0x08001698   0x0000036c   Code   RO         1560    i.HAL_RCC_OscConfig  stm32f4xx_hal_rcc.o
    0x08001a04   0x08001a04   0x00000028   Code   RO         2373    i.HAL_SYSTICK_Config  stm32f4xx_hal_cortex.o
    0x08001a2c   0x08001a2c   0x00000002   Code   RO         1280    i.HAL_TIMEx_BreakCallback  stm32f4xx_hal_tim_ex.o
    0x08001a2e   0x08001a2e   0x00000002   Code   RO         1281    i.HAL_TIMEx_CommutCallback  stm32f4xx_hal_tim_ex.o
    0x08001a30   0x08001a30   0x00000090   Code   RO         1299    i.HAL_TIMEx_MasterConfigSynchronization  stm32f4xx_hal_tim_ex.o
    0x08001ac0   0x08001ac0   0x0000005a   Code   RO          576    i.HAL_TIM_Base_Init  stm32f4xx_hal_tim.o
    0x08001b1a   0x08001b1a   0x00000002   PAD
    0x08001b1c   0x08001b1c   0x0000003c   Code   RO          295    i.HAL_TIM_Base_MspInit  tim.o
    0x08001b58   0x08001b58   0x00000002   Code   RO          610    i.HAL_TIM_IC_CaptureCallback  stm32f4xx_hal_tim.o
    0x08001b5a   0x08001b5a   0x00000130   Code   RO          624    i.HAL_TIM_IRQHandler  stm32f4xx_hal_tim.o
    0x08001c8a   0x08001c8a   0x00000002   PAD
    0x08001c8c   0x08001c8c   0x0000007c   Code   RO          296    i.HAL_TIM_MspPostInit  tim.o
    0x08001d08   0x08001d08   0x00000002   Code   RO          627    i.HAL_TIM_OC_DelayElapsedCallback  stm32f4xx_hal_tim.o
    0x08001d0a   0x08001d0a   0x000000cc   Code   RO          648    i.HAL_TIM_PWM_ConfigChannel  stm32f4xx_hal_tim.o
    0x08001dd6   0x08001dd6   0x0000005a   Code   RO          651    i.HAL_TIM_PWM_Init  stm32f4xx_hal_tim.o
    0x08001e30   0x08001e30   0x0000003c   Code   RO          298    i.HAL_TIM_PWM_MspInit  tim.o
    0x08001e6c   0x08001e6c   0x00000002   Code   RO          654    i.HAL_TIM_PWM_PulseFinishedCallback  stm32f4xx_hal_tim.o
    0x08001e6e   0x08001e6e   0x00000002   PAD
    0x08001e70   0x08001e70   0x000000c8   Code   RO          656    i.HAL_TIM_PWM_Start  stm32f4xx_hal_tim.o
    0x08001f38   0x08001f38   0x00000010   Code   RO          422    i.HAL_TIM_PeriodElapsedCallback  stm32f4xx_it.o
    0x08001f48   0x08001f48   0x00000002   Code   RO          667    i.HAL_TIM_TriggerCallback  stm32f4xx_hal_tim.o
    0x08001f4a   0x08001f4a   0x0000004e   Code   RO         2778    i.HAL_UARTEx_ReceiveToIdle_IT  stm32f4xx_hal_uart.o
    0x08001f98   0x08001f98   0x000001f4   Code   RO         3652    i.HAL_UARTEx_RxEventCallback  l610_init.o
    0x0800218c   0x0800218c   0x00000002   Code   RO         2793    i.HAL_UART_ErrorCallback  stm32f4xx_hal_uart.o
    0x0800218e   0x0800218e   0x00000002   PAD
    0x08002190   0x08002190   0x00000270   Code   RO         2796    i.HAL_UART_IRQHandler  stm32f4xx_hal_uart.o
    0x08002400   0x08002400   0x00000064   Code   RO         2797    i.HAL_UART_Init     stm32f4xx_hal_uart.o
    0x08002464   0x08002464   0x0000019c   Code   RO          367    i.HAL_UART_MspInit  usart.o
    0x08002600   0x08002600   0x00000002   Code   RO         2803    i.HAL_UART_RxCpltCallback  stm32f4xx_hal_uart.o
    0x08002602   0x08002602   0x000000a0   Code   RO         2805    i.HAL_UART_Transmit  stm32f4xx_hal_uart.o
    0x080026a2   0x080026a2   0x00000002   Code   RO         2808    i.HAL_UART_TxCpltCallback  stm32f4xx_hal_uart.o
    0x080026a4   0x080026a4   0x00000034   Code   RO         3653    i.HW_Connect_MQTT   l610_init.o
    0x080026d8   0x080026d8   0x00000014   Code   RO         3654    i.HW_DISConnect     l610_init.o
    0x080026ec   0x080026ec   0x0000003c   Code   RO         3655    i.HW_HMSUB_0        l610_init.o
    0x08002728   0x08002728   0x00000094   Code   RO         3656    i.HW_HMSUB_1        l610_init.o
    0x080027bc   0x080027bc   0x00000074   Code   RO         3657    i.HW_HMSUB_1_temp   l610_init.o
    0x08002830   0x08002830   0x00000002   Code   RO          423    i.HardFault_Handler  stm32f4xx_it.o
    0x08002832   0x08002832   0x00000002   PAD
    0x08002834   0x08002834   0x00000078   Code   RO         3659    i.L610_HW_init      l610_init.o
    0x080028ac   0x080028ac   0x0000006c   Code   RO          270    i.MX_DMA_Init       dma.o
    0x08002918   0x08002918   0x00000158   Code   RO          246    i.MX_GPIO_Init      gpio.o
    0x08002a70   0x08002a70   0x0000007c   Code   RO          299    i.MX_TIM2_Init      tim.o
    0x08002aec   0x08002aec   0x00000080   Code   RO          300    i.MX_TIM3_Init      tim.o
    0x08002b6c   0x08002b6c   0x00000048   Code   RO          301    i.MX_TIM6_Init      tim.o
    0x08002bb4   0x08002bb4   0x00000038   Code   RO          368    i.MX_USART1_UART_Init  usart.o
    0x08002bec   0x08002bec   0x00000038   Code   RO          369    i.MX_USART2_UART_Init  usart.o
    0x08002c24   0x08002c24   0x000001b8   Code   RO         3213    i.Max30102_Calculate_HR_BO_Value  max30102.o
    0x08002ddc   0x08002ddc   0x00000002   Code   RO          424    i.MemManage_Handler  stm32f4xx_it.o
    0x08002dde   0x08002dde   0x00000028   Code   RO         3520    i.Move_back         motor.o
    0x08002e06   0x08002e06   0x00000028   Code   RO         3521    i.Move_forward      motor.o
    0x08002e2e   0x08002e2e   0x00000002   PAD
    0x08002e30   0x08002e30   0x0000001c   Code   RO         3386    i.MyI2C_R_SDA       myi2c.o
    0x08002e4c   0x08002e4c   0x0000001e   Code   RO         3387    i.MyI2C_ReceiveAck  myi2c.o
    0x08002e6a   0x08002e6a   0x00000034   Code   RO         3388    i.MyI2C_ReceiveByte  myi2c.o
    0x08002e9e   0x08002e9e   0x00000016   Code   RO         3389    i.MyI2C_SendAck     myi2c.o
    0x08002eb4   0x08002eb4   0x00000028   Code   RO         3391    i.MyI2C_SendByte    myi2c.o
    0x08002edc   0x08002edc   0x00000040   Code   RO         3392    i.MyI2C_Start       myi2c.o
    0x08002f1c   0x08002f1c   0x0000001e   Code   RO         3393    i.MyI2C_Stop        myi2c.o
    0x08002f3a   0x08002f3a   0x00000002   PAD
    0x08002f3c   0x08002f3c   0x0000001c   Code   RO         3394    i.MyI2C_W_SCL       myi2c.o
    0x08002f58   0x08002f58   0x0000001c   Code   RO         3395    i.MyI2C_W_SDA       myi2c.o
    0x08002f74   0x08002f74   0x0000001e   Code   RO         3396    i.MyI2C_WaitAck     myi2c.o
    0x08002f92   0x08002f92   0x00000018   Code   RO         3660    i.Mystrlen          l610_init.o
    0x08002faa   0x08002faa   0x00000002   Code   RO          425    i.NMI_Handler       stm32f4xx_it.o
    0x08002fac   0x08002fac   0x00000002   Code   RO          426    i.PendSV_Handler    stm32f4xx_it.o
    0x08002fae   0x08002fae   0x00000002   Code   RO          427    i.SVC_Handler       stm32f4xx_it.o
    0x08002fb0   0x08002fb0   0x00000044   Code   RO         3522    i.Set_MotorA        motor.o
    0x08002ff4   0x08002ff4   0x00000044   Code   RO         3523    i.Set_MotorB        motor.o
    0x08003038   0x08003038   0x0000003c   Code   RO         3524    i.Set_MotorC        motor.o
    0x08003074   0x08003074   0x0000003c   Code   RO         3525    i.Set_MotorD        motor.o
    0x080030b0   0x080030b0   0x00000004   Code   RO          428    i.SysTick_Handler   stm32f4xx_it.o
    0x080030b4   0x080030b4   0x0000009c   Code   RO           15    i.SystemClock_Config  main.o
    0x08003150   0x08003150   0x00000010   Code   RO         3131    i.SystemInit        system_stm32f4xx.o
    0x08003160   0x08003160   0x0000000c   Code   RO          429    i.TIM6_DAC_IRQHandler  stm32f4xx_it.o
    0x0800316c   0x0800316c   0x000000d8   Code   RO          669    i.TIM_Base_SetConfig  stm32f4xx_hal_tim.o
    0x08003244   0x08003244   0x0000001a   Code   RO          670    i.TIM_CCxChannelCmd  stm32f4xx_hal_tim.o
    0x0800325e   0x0800325e   0x00000002   PAD
    0x08003260   0x08003260   0x00000060   Code   RO          682    i.TIM_OC1_SetConfig  stm32f4xx_hal_tim.o
    0x080032c0   0x080032c0   0x0000006c   Code   RO          683    i.TIM_OC2_SetConfig  stm32f4xx_hal_tim.o
    0x0800332c   0x0800332c   0x00000068   Code   RO          684    i.TIM_OC3_SetConfig  stm32f4xx_hal_tim.o
    0x08003394   0x08003394   0x00000050   Code   RO          685    i.TIM_OC4_SetConfig  stm32f4xx_hal_tim.o
    0x080033e4   0x080033e4   0x00000028   Code   RO         3526    i.Turn_left         motor.o
    0x0800340c   0x0800340c   0x00000028   Code   RO         3527    i.Turn_right        motor.o
    0x08003434   0x08003434   0x00000010   Code   RO         2810    i.UART_DMAAbortOnError  stm32f4xx_hal_uart.o
    0x08003444   0x08003444   0x0000004e   Code   RO         2820    i.UART_EndRxTransfer  stm32f4xx_hal_uart.o
    0x08003492   0x08003492   0x000000c2   Code   RO         2822    i.UART_Receive_IT   stm32f4xx_hal_uart.o
    0x08003554   0x08003554   0x0000010c   Code   RO         2823    i.UART_SetConfig    stm32f4xx_hal_uart.o
    0x08003660   0x08003660   0x00000036   Code   RO         2825    i.UART_Start_Receive_IT  stm32f4xx_hal_uart.o
    0x08003696   0x08003696   0x00000072   Code   RO         2826    i.UART_WaitOnFlagUntilTimeout  stm32f4xx_hal_uart.o
    0x08003708   0x08003708   0x0000000c   Code   RO          430    i.USART1_IRQHandler  stm32f4xx_it.o
    0x08003714   0x08003714   0x0000000c   Code   RO          431    i.USART2_IRQHandler  stm32f4xx_it.o
    0x08003720   0x08003720   0x00000002   Code   RO          432    i.UsageFault_Handler  stm32f4xx_it.o
    0x08003722   0x08003722   0x00000002   PAD
    0x08003724   0x08003724   0x00000020   Code   RO         4885    i.__0printf         mc_w.l(printfa.o)
    0x08003744   0x08003744   0x00000028   Code   RO         4887    i.__0sprintf        mc_w.l(printfa.o)
    0x0800376c   0x0800376c   0x00000020   Code   RO         2375    i.__NVIC_SetPriority  stm32f4xx_hal_cortex.o
    0x0800378c   0x0800378c   0x00000008   Code   RO         4994    i.__aeabi_errno_addr  mc_w.l(errno.o)
    0x08003794   0x08003794   0x0000000e   Code   RO         5035    i.__scatterload_copy  mc_w.l(handlers.o)
    0x080037a2   0x080037a2   0x00000002   Code   RO         5036    i.__scatterload_null  mc_w.l(handlers.o)
    0x080037a4   0x080037a4   0x0000000e   Code   RO         5037    i.__scatterload_zeroinit  mc_w.l(handlers.o)
    0x080037b2   0x080037b2   0x00000002   PAD
    0x080037b4   0x080037b4   0x00000184   Code   RO         4892    i._fp_digits        mc_w.l(printfa.o)
    0x08003938   0x08003938   0x000006b4   Code   RO         4893    i._printf_core      mc_w.l(printfa.o)
    0x08003fec   0x08003fec   0x00000024   Code   RO         4894    i._printf_post_padding  mc_w.l(printfa.o)
    0x08004010   0x08004010   0x0000002e   Code   RO         4895    i._printf_pre_padding  mc_w.l(printfa.o)
    0x0800403e   0x0800403e   0x0000000a   Code   RO         4897    i._sputc            mc_w.l(printfa.o)
    0x08004048   0x08004048   0x00000018   Code   RO           16    i.fputc             main.o
    0x08004060   0x08004060   0x00000016   Code   RO         3397    i.i2c_delay_us      myi2c.o
    0x08004076   0x08004076   0x00000002   PAD
    0x08004078   0x08004078   0x000002e8   Code   RO           17    i.main              main.o
    0x08004360   0x08004360   0x0000004c   Code   RO         3214    i.max30102_Bus_Read  max30102.o
    0x080043ac   0x080043ac   0x0000003e   Code   RO         3215    i.max30102_Bus_Write  max30102.o
    0x080043ea   0x080043ea   0x00000092   Code   RO         3216    i.max30102_FIFO_ReadBytes  max30102.o
    0x0800447c   0x0800447c   0x000003e0   Code   RO         3218    i.max30102_init     max30102.o
    0x0800485c   0x0800485c   0x00000016   Code   RO         3219    i.max30102_reset    max30102.o
    0x08004872   0x08004872   0x00000032   Code   RO         3302    i.maxim_find_peaks  max30102_algorithm.o
    0x080048a4   0x080048a4   0x000003bc   Code   RO         3303    i.maxim_heart_rate_and_oxygen_saturation  max30102_algorithm.o
    0x08004c60   0x08004c60   0x0000006a   Code   RO         3304    i.maxim_peaks_above_min_height  max30102_algorithm.o
    0x08004cca   0x08004cca   0x00000002   PAD
    0x08004ccc   0x08004ccc   0x0000006c   Code   RO         3305    i.maxim_remove_close_peaks  max30102_algorithm.o
    0x08004d38   0x08004d38   0x00000032   Code   RO         3306    i.maxim_sort_ascend  max30102_algorithm.o
    0x08004d6a   0x08004d6a   0x00000002   PAD
    0x08004d6c   0x08004d6c   0x0000003a   Code   RO         3307    i.maxim_sort_indices_descend  max30102_algorithm.o
    0x08004da6   0x08004da6   0x00000002   PAD
    0x08004da8   0x08004da8   0x00000070   Code   RO         3596    i.move_parse_json   json2data.o
    0x08004e18   0x08004e18   0x00000034   Code   RO           18    i.move_proc         main.o
    0x08004e4c   0x08004e4c   0x0000007c   Code   RO         3597    i.text_parse_json   json2data.o
    0x08004ec8   0x08004ec8   0x0000004c   Code   RO           19    i.yizhu_proc        main.o
    0x08004f14   0x08004f14   0x00000008   Data   RO         2073    .constdata          stm32f4xx_hal_dma.o
    0x08004f1c   0x08004f1c   0x00000010   Data   RO         3132    .constdata          system_stm32f4xx.o
    0x08004f2c   0x08004f2c   0x00000008   Data   RO         3133    .constdata          system_stm32f4xx.o
    0x08004f34   0x08004f34   0x000000f6   Data   RO         3311    .constdata          max30102_algorithm.o
    0x0800502a   0x0800502a   0x00000081   Data   RO         4603    .constdata          mc_w.l(ctype_o.o)
    0x080050ab   0x080050ab   0x00000001   PAD
    0x080050ac   0x080050ac   0x00000004   Data   RO         4604    .constdata          mc_w.l(ctype_o.o)
    0x080050b0   0x080050b0   0x000000b2   Data   RO         3662    .conststring        l610_init.o
    0x08005162   0x08005162   0x00000002   PAD
    0x08005164   0x08005164   0x00000020   Data   RO         5033    Region$$Table       anon$$obj.o


    Execution Region RW_IRAM2 (Exec base: 0x10000000, Load base: 0x080051f8, Size: 0x00000000, Max: 0x00010000, ABSOLUTE)

    **** No section assigned to this execution region ****


    Execution Region RW_IRAM1 (Exec base: 0x20000000, Load base: 0x08005184, Size: 0x000034d0, Max: 0x00030000, ABSOLUTE)

    Exec Addr    Load Addr    Size         Type   Attr      Idx    E Section Name        Object

    0x20000000   0x08005184   0x00000020   Data   RW           24    .data               main.o
    0x20000020   0x080051a4   0x0000000c   Data   RW         2526    .data               stm32f4xx_hal.o
    0x2000002c   0x080051b0   0x00000004   Data   RW         3134    .data               system_stm32f4xx.o
    0x20000030   0x080051b4   0x00000004   Data   RW         3171    .data               gy906.o
    0x20000034   0x080051b8   0x00000004   Data   RW         3312    .data               max30102_algorithm.o
    0x20000038   0x080051bc   0x00000004   Data   RW         3313    .data               max30102_algorithm.o
    0x2000003c   0x080051c0   0x00000004   Data   RW         3314    .data               max30102_algorithm.o
    0x20000040   0x080051c4   0x00000006   Data   RW         3315    .data               max30102_algorithm.o
    0x20000046   0x080051ca   0x00000002   PAD
    0x20000048   0x080051cc   0x00000004   Data   RW         3316    .data               max30102_algorithm.o
    0x2000004c   0x080051d0   0x00000001   Data   RW         3317    .data               max30102_algorithm.o
    0x2000004d   0x080051d1   0x00000003   PAD
    0x20000050   0x080051d4   0x00000004   Data   RW         3318    .data               max30102_algorithm.o
    0x20000054   0x080051d8   0x00000001   Data   RW         3319    .data               max30102_algorithm.o
    0x20000055   0x080051d9   0x00000003   PAD
    0x20000058   0x080051dc   0x00000004   Data   RW         3320    .data               max30102_algorithm.o
    0x2000005c   0x080051e0   0x00000004   Data   RW         3321    .data               max30102_algorithm.o
    0x20000060   0x080051e4   0x00000004   Data   RW         3322    .data               max30102_algorithm.o
    0x20000064   0x080051e8   0x00000008   Data   RW         3663    .data               l610_init.o
    0x2000006c   0x080051f0   0x00000004   Data   RW         4983    .data               mc_w.l(stdout.o)
    0x20000070   0x080051f4   0x00000004   Data   RW         4997    .data               mc_w.l(errno.o)
    0x20000074        -       0x00000672   Zero   RW           21    .bss                main.o
    0x200006e6   0x080051f8   0x00000002   PAD
    0x200006e8        -       0x000000d8   Zero   RW          302    .bss                tim.o
    0x200007c0        -       0x00000210   Zero   RW          370    .bss                usart.o
    0x200009d0        -       0x000007d0   Zero   RW         3308    .bss                max30102_algorithm.o
    0x200011a0        -       0x000007d0   Zero   RW         3309    .bss                max30102_algorithm.o
    0x20001970        -       0x00001760   Zero   RW         3310    .bss                max30102_algorithm.o
    0x200030d0        -       0x00000400   Zero   RW            1    STACK               startup_stm32f429xx.o


==============================================================================

Image component sizes


      Code (inc. data)   RO Data    RW Data    ZI Data      Debug   Object Name

       108          4          0          0          0        846   dma.o
       344         22          0          0          0       1099   gpio.o
       164         22          0          4          0       1431   gy906.o
       572         64          0          0          0       4642   json2data.o
      1104        418        178          8          0       7572   l610_init.o
      1116        184          0         32       1650     760334   main.o
      1738        296          0          0          0       5277   max30102.o
      1328         20        246         40       9984       8408   max30102_algorithm.o
       454         44          0          0          0       5071   motor.o
       374         24          0          0          0       6086   myi2c.o
        36          8        428          0       1024        840   startup_stm32f429xx.o
       180         28          0         12          0       9601   stm32f4xx_hal.o
       198         14          0          0          0      33847   stm32f4xx_hal_cortex.o
       934         16          8          0          0       5651   stm32f4xx_hal_dma.o
       608         60          0          0          0       3514   stm32f4xx_hal_gpio.o
        48          6          0          0          0        870   stm32f4xx_hal_msp.o
       112         14          0          0          0       1296   stm32f4xx_hal_pwr_ex.o
      1348         76          0          0          0       5264   stm32f4xx_hal_rcc.o
      1526        110          0          0          0      12552   stm32f4xx_hal_tim.o
       148         28          0          0          0       2505   stm32f4xx_hal_tim_ex.o
      1692         16          0          0          0      11661   stm32f4xx_hal_uart.o
       166         50          0          0          0       9889   stm32f4xx_it.o
        16          4         24          4          0       1139   system_stm32f4xx.o
       568         56          0          0        216       4320   tim.o
       524         48          0          0        528       2819   usart.o

    ----------------------------------------------------------------------
     15436       1632        918        108      13404     906534   Object Totals
         0          0         32          0          0          0   (incl. Generated)
        30          0          2          8          2          0   (incl. Padding)

    ----------------------------------------------------------------------

      Code (inc. data)   RO Data    RW Data    ZI Data      Debug   Library Member Name

        28          0          0          0          0         68   _chval.o
       158          0          0          0          0         92   _strtoul.o
        26          0          0          0          0         80   atoi.o
         8          4        133          0          0         68   ctype_o.o
         0          0          0          0          0          0   entry.o
         0          0          0          0          0          0   entry10a.o
         0          0          0          0          0          0   entry11a.o
         4          0          0          0          0          0   entry12b.o
         8          4          0          0          0          0   entry2.o
         4          0          0          0          0          0   entry5.o
         0          0          0          0          0          0   entry7b.o
         0          0          0          0          0          0   entry8b.o
         8          4          0          0          0          0   entry9a.o
         8          4          0          4          0         68   errno.o
        30          0          0          0          0          0   handlers.o
        36          8          0          0          0         68   init.o
         0          0          0          0          0          0   iusefp.o
        30          0          0          0          0         68   llshl.o
        36          0          0          0          0         68   llsshr.o
        32          0          0          0          0         68   llushr.o
        36          0          0          0          0         68   memcpya.o
        36          0          0          0          0        108   memseta.o
      2268         96          0          0          0        616   printfa.o
         0          0          0          4          0          0   stdout.o
        18          0          0          0          0         68   strcpy.o
        14          0          0          0          0         68   strlen.o
        36          0          0          0          0         80   strstr.o
       112          0          0          0          0         88   strtol.o
        44          0          0          0          0         80   uidiv.o
        98          0          0          0          0         92   uldiv.o
        48          0          0          0          0         68   cdrcmple.o
        56          0          0          0          0         88   d2f.o
       334          0          0          0          0        148   dadd.o
       222          0          0          0          0        100   ddiv.o
       186          0          0          0          0        176   depilogue.o
        48          0          0          0          0         68   dfixul.o
        26          0          0          0          0         76   dfltui.o
       228          0          0          0          0         96   dmul.o
        38          0          0          0          0         68   f2d.o
       110          0          0          0          0        168   fepilogue.o

    ----------------------------------------------------------------------
      4380        120        134          8          0       2972   Library Totals
         6          0          1          0          0          0   (incl. Padding)

    ----------------------------------------------------------------------

      Code (inc. data)   RO Data    RW Data    ZI Data      Debug   Library Name

      3078        120        133          8          0       1916   mc_w.l
      1296          0          0          0          0       1056   mf_w.l

    ----------------------------------------------------------------------
      4380        120        134          8          0       2972   Library Totals

    ----------------------------------------------------------------------

==============================================================================


      Code (inc. data)   RO Data    RW Data    ZI Data      Debug   

     19816       1752       1052        116      13404     894350   Grand Totals
     19816       1752       1052        116      13404     894350   ELF Image Totals
     19816       1752       1052        116          0          0   ROM Totals

==============================================================================

    Total RO  Size (Code + RO Data)                20868 (  20.38kB)
    Total RW  Size (RW Data + ZI Data)             13520 (  13.20kB)
    Total ROM Size (Code + RO Data + RW Data)      20984 (  20.49kB)

==============================================================================

